11:17:01.187  I  amsBoostNotify pid:12842,activity:com.transsion.filemanagerx.ui.outreach.LinkedActivity, package:com.transsion.filemanagerx, mProcessCreatePackcom.example.mediswitch 
11:17:05.666  I  com.example.mediswitch took 0
11:17:05.666  D  try dex2oat for com.example.mediswitch result=-1 cnt = 0
11:17:06.338  I  [2] aqwc.b(85): VerifyApps: Install-time verification requested for package com.example.mediswitch, PackageManager id = 130, Verifier id = 59a091d2-4dae-4e21-ac69-b117e37c96ad
11:17:06.462  I  [99380] VerifyAppsInstallTask.mg(52): VerifyApps: Anti-malware verification task started for package=com.example.mediswitch
11:17:07.540  I  [98540] arnm.a(65): VerifyApps: Starting APK Analysis scan for com.example.mediswitch.
11:17:07.542  I  [98540] aqvc.b(185): Scanning package com.example.mediswitch contents with client side protections. File: [2WoFYn_lbKtmd-Vki4Jc1iaMSTqOPNi5deiflGiqb0Y]
11:17:07.544  I  [98540] arnm.a(222): VerifyApps: APK Analysis scan finished for com.example.mediswitch. Verdict: SAFE
11:17:07.692  I  [99386] ardk.g(51): VerifyApps: Verification package=com.example.mediswitch, id=130, response=0, upload_requested=false
11:17:07.693  I  [99386] ardc.c(284): VerifyApps: PAM result saving to datastore delayed for package: com.example.mediswitch
11:17:07.707  I  [2] VerifyInstallTask.mf(75): VerifyApps: Install-time verification complete: id=130, package_name=com.example.mediswitch
11:17:07.748  D  ignore PackageSetting{2fe2f17 com.example.mediswitch/0} for empty signature
11:17:07.750  D  onChange com.example.mediswitch(10508): Flags:20083e44 PrivateFlags:8c001100 signal:2B3B7CCA9B9DEC7410AFD048FB56DC1442DAD915A9466831F184EF56CF50C398
11:17:07.750  D  only handle system and core app, ignore PackageSetting{2fe2f17 com.example.mediswitch/10508}
11:17:08.289  I  Adjusting the compiler filter for 'com.example.mediswitch' from 'speed-profile' to 'verify' because there is no valid profile
11:17:08.483  I  Dex parent of /data/app/~~ZuALmfVQ7AowzoCoLg8tGQ==/com.example.mediswitch-YTL70uLV4WqYlYBSS9jUHA==/base.apk is not writable: Permission denied
11:17:08.483  I  GetBestInfo checking odex in dalvik-cache (/data/dalvik-cache/arm64/data@app@~~ZuALmfVQ7AowzoCoLg8tGQ==@com.example.mediswitch-YTL70uLV4WqYlYBSS9jUHA==@base.apk@classes.dex)
11:17:08.483  I  Loading /data/dalvik-cache/arm64/data@app@~~ZuALmfVQ7AowzoCoLg8tGQ==@com.example.mediswitch-YTL70uLV4WqYlYBSS9jUHA==@base.apk@classes.dex with executable: 0
11:17:08.485  I  OatFileAssistant test for existing oat file /data/dalvik-cache/arm64/data@app@~~ZuALmfVQ7AowzoCoLg8tGQ==@com.example.mediswitch-YTL70uLV4WqYlYBSS9jUHA==@base.apk@classes.dex: File /data/dalvik-cache/arm64/data@app@~~ZuALmfVQ7AowzoCoLg8tGQ==@com.example.mediswitch-YTL70uLV4WqYlYBSS9jUHA==@base.apk@classes.vdex does not exist.
11:17:08.486  I  GetBestInfo checking odex next to the dex file (/data/app/~~ZuALmfVQ7AowzoCoLg8tGQ==/com.example.mediswitch-YTL70uLV4WqYlYBSS9jUHA==/oat/arm64/base.odex)
11:17:08.486  I  Loading /data/app/~~ZuALmfVQ7AowzoCoLg8tGQ==/com.example.mediswitch-YTL70uLV4WqYlYBSS9jUHA==/oat/arm64/base.odex with executable: 0
11:17:08.486  I  OatFileAssistant test for existing oat file /data/app/~~ZuALmfVQ7AowzoCoLg8tGQ==/com.example.mediswitch-YTL70uLV4WqYlYBSS9jUHA==/oat/arm64/base.odex: File /data/app/~~ZuALmfVQ7AowzoCoLg8tGQ==/com.example.mediswitch-YTL70uLV4WqYlYBSS9jUHA==/oat/arm64/base.vdex does not exist.
11:17:08.486  I  GetBestInfo checking vdex in dalvik-cache (/data/dalvik-cache/arm64/data@app@~~ZuALmfVQ7AowzoCoLg8tGQ==@com.example.mediswitch-YTL70uLV4WqYlYBSS9jUHA==@base.apk@classes.vdex)
11:17:08.486  I  unable to open vdex file /data/dalvik-cache/arm64/data@app@~~ZuALmfVQ7AowzoCoLg8tGQ==@com.example.mediswitch-YTL70uLV4WqYlYBSS9jUHA==@base.apk@classes.vdex: File /data/dalvik-cache/arm64/data@app@~~ZuALmfVQ7AowzoCoLg8tGQ==@com.example.mediswitch-YTL70uLV4WqYlYBSS9jUHA==@base.apk@classes.vdex does not exist.
11:17:08.486  I  OatFileAssistant test for existing oat file /data/dalvik-cache/arm64/data@app@~~ZuALmfVQ7AowzoCoLg8tGQ==@com.example.mediswitch-YTL70uLV4WqYlYBSS9jUHA==@base.apk@classes.vdex: File /data/dalvik-cache/arm64/data@app@~~ZuALmfVQ7AowzoCoLg8tGQ==@com.example.mediswitch-YTL70uLV4WqYlYBSS9jUHA==@base.apk@classes.vdex does not exist.
11:17:08.486  I  GetBestInfo checking vdex next to the dex file (/data/app/~~ZuALmfVQ7AowzoCoLg8tGQ==/com.example.mediswitch-YTL70uLV4WqYlYBSS9jUHA==/oat/arm64/base.vdex)
11:17:08.486  I  unable to open vdex file /data/app/~~ZuALmfVQ7AowzoCoLg8tGQ==/com.example.mediswitch-YTL70uLV4WqYlYBSS9jUHA==/oat/arm64/base.vdex: File /data/app/~~ZuALmfVQ7AowzoCoLg8tGQ==/com.example.mediswitch-YTL70uLV4WqYlYBSS9jUHA==/oat/arm64/base.vdex does not exist.
11:17:08.486  I  OatFileAssistant test for existing oat file /data/app/~~ZuALmfVQ7AowzoCoLg8tGQ==/com.example.mediswitch-YTL70uLV4WqYlYBSS9jUHA==/oat/arm64/base.vdex: File /data/app/~~ZuALmfVQ7AowzoCoLg8tGQ==/com.example.mediswitch-YTL70uLV4WqYlYBSS9jUHA==/oat/arm64/base.vdex does not exist.
11:17:08.486  I  GetBestInfo checking dm (/data/app/~~ZuALmfVQ7AowzoCoLg8tGQ==/com.example.mediswitch-YTL70uLV4WqYlYBSS9jUHA==/base.dm)
11:17:08.486  W  Unable to open '/data/app/~~ZuALmfVQ7AowzoCoLg8tGQ==/com.example.mediswitch-YTL70uLV4WqYlYBSS9jUHA==/base.dm': No such file or directory
11:17:08.486  I  OatFileAssistant test for existing oat file /data/app/~~ZuALmfVQ7AowzoCoLg8tGQ==/com.example.mediswitch-YTL70uLV4WqYlYBSS9jUHA==/base.dm: I/O error
11:17:08.486  I  GetBestInfo checking dm (/data/app/~~ZuALmfVQ7AowzoCoLg8tGQ==/com.example.mediswitch-YTL70uLV4WqYlYBSS9jUHA==/base.dm)
11:17:08.486  W  Unable to open '/data/app/~~ZuALmfVQ7AowzoCoLg8tGQ==/com.example.mediswitch-YTL70uLV4WqYlYBSS9jUHA==/base.dm': No such file or directory
11:17:08.486  I  OatFileAssistant test for existing oat file /data/app/~~ZuALmfVQ7AowzoCoLg8tGQ==/com.example.mediswitch-YTL70uLV4WqYlYBSS9jUHA==/base.dm: I/O error
11:17:08.519  I  Running dex2oat: /apex/com.android.art/bin/art_exec --drop-capabilities --set-task-profile=Dex2OatBootComplete --set-priority=background --keep-fds=6:7:8:9 -- /apex/com.android.art/bin/dex2oat32 --zip-fd=6 --zip-location=/data/app/~~ZuALmfVQ7AowzoCoLg8tGQ==/com.example.mediswitch-YTL70uLV4WqYlYBSS9jUHA==/base.apk --oat-fd=7 --oat-location=/data/app/~~ZuALmfVQ7AowzoCoLg8tGQ==/com.example.mediswitch-YTL70uLV4WqYlYBSS9jUHA==/oat/arm64/base.odex --output-vdex-fd=8 --swap-fd=9 --class-loader-context=PCL[] --classpath-dir=/data/app/~~ZuALmfVQ7AowzoCoLg8tGQ==/com.example.mediswitch-YTL70uLV4WqYlYBSS9jUHA== --instruction-set=arm64 --instruction-set-features=default --instruction-set-variant=cortex-a55 --compiler-filter=verify --compilation-reason=install --compact-dex-level=none --max-image-block-size=524288 --resolve-startup-const-strings=true --generate-mini-debug-info --runtime-arg -Xtarget-sdk-version:35 --runtime-arg -Xhidden-api-policy:enabled --runtime-arg -Xms64m --runtime-arg -Xmx512m --comments=app-name:com.example.mediswitch,app-version-name:1.0.0,app-version-code:1,art-version:351410020
                 Opened FDs: 6:/data/app/~~ZuALmfVQ7AowzoCoLg8tGQ==/com.example.mediswitch-YTL70uLV4WqYlYBSS9jUHA==/base.apk 7:/data/app/~~ZuALmfVQ7AowzoCoLg8tGQ==/com.example.mediswitch-YTL70uLV4WqYlYBSS9jUHA==/oat/arm64/base.odex.nw8fVj.tmp 8:/data/app/~~ZuALmfVQ7AowzoCoLg8tGQ==/com.example.mediswitch-YTL70uLV4WqYlYBSS9jUHA==/oat/arm64/base.vdex.w1C8w8.tmp 9:/data/app/~~ZuALmfVQ7AowzoCoLg8tGQ==/com.example.mediswitch-YTL70uLV4WqYlYBSS9jUHA==/oat/arm64/base.odex.swap.Ldy1YB.tmp 
11:17:08.804  I  /apex/com.android.art/bin/dex2oat32 --output-vdex-fd=8 --class-loader-context=PCL[] --classpath-dir=/data/app/~~ZuALmfVQ7AowzoCoLg8tGQ==/com.example.mediswitch-YTL70uLV4WqYlYBSS9jUHA== --compiler-filter=verify --compilation-reason=install --compact-dex-level=none --max-image-block-size=524288 --resolve-startup-const-strings=true --generate-mini-debug-info --comments=app-name:com.example.mediswitch,app-version-name:1.0.0,app-version-code:1,art-version:351410020
11:17:09.411  I  Dexopt result: [packageName = com.example.mediswitch] DexContainerFileDexoptResult{dexContainerFile=/data/app/~~ZuALmfVQ7AowzoCoLg8tGQ==/com.example.mediswitch-YTL70uLV4WqYlYBSS9jUHA==/base.apk, primaryAbi=true, abi=arm64-v8a, actualCompilerFilter=verify, status=PERFORMED, dex2oatWallTimeMillis=878, dex2oatCpuTimeMillis=1750, sizeBytes=200668, sizeBeforeBytes=0, extendedStatusFlags=[]}
11:17:09.419  V  [UserID:0] restoreAtInstall pkg=com.example.mediswitch token=7f restoreSet=3323bc2a94597bf5
11:17:09.609  D  Removed 0 media_grants for 0 user for [com.example.mediswitch]. Reason: Mode changed: android:read_external_storage
11:17:09.611  D  Removed 0 media_grants for 0 user for [com.example.mediswitch]. Reason: Mode changed: android:read_external_storage
11:17:09.612  D  Removed 0 media_grants for 0 user for [com.example.mediswitch]. Reason: Mode changed: android:read_external_storage
11:17:11.552  I  interaction: PackageSetting{3b24e28 com.android.microdroid.empty_payload/10223} -> PackageSetting{9073a3d com.example.mediswitch/10508} BLOCKED
11:17:11.600  I  PackageName=com.example.mediswitch
11:17:11.600  E  SEND_INSTALL_INFO_MSG: 1 ,infoPkgInstallInfo{mPackageName='com.example.mediswitch', mPackageVersionCode=1, mPackageSize=17553608, mCode=1, mInstaller='com.transsion.filemanagerx', mInstallDurationTimes=5405s, mDataLoader=0}
11:17:11.635  D  PackageStateReceiver action add packageName = com.example.mediswitch
11:17:11.647  I  No SDKs used. Skipping SDK data reconcilation for CallingInfo{mUid=10508, mPackageName='com.example.mediswitch, mAppProcessToken='null'}
11:17:11.649  D  onPackageAdded: com.example.mediswitch
11:17:11.650  D  onPackageAdded received packageName: com.example.mediswitch
11:17:11.651  W  AgaresManagerImpl=onEvent=9,eventValue=package:com.example.mediswitch
11:17:11.651  D  Package added: android.intent.action.PACKAGE_ADDED, pkg = com.example.mediswitch
11:17:11.654  D  updateAndSaveApp: com.example.mediswitch
11:17:11.656  D  onPackageAdded: com.example.mediswitch
11:17:11.668  D  Launcher.Model-mAllAppsList.addPackage com.example.mediswitch mUser:UserHandle{0}
11:17:11.669  I  pkgName: com.example.mediswitch uid: 10508 add to third app list
11:17:11.676  I  checkChange  com.example.mediswitch, true, 1,  true, 220
11:17:11.742  I  interaction: PackageSetting{161cd4c com.android.microdroid.empty_payload/10223} -> PackageSetting{7f9c195 com.example.mediswitch/10508} BLOCKED
11:17:11.768  D  onPackageChanged: com.example.mediswitch
11:17:11.769  D  onPackageChanged: com.example.mediswitch
11:17:11.771  D  onPackageChanged received false user 0 packageName: com.example.mediswitch
11:17:11.782  D  Package changed: android.intent.action.PACKAGE_CHANGED, pkg = com.example.mediswitch
11:17:11.785  I  apkInstallChanged pkgInstallInfo=com.example.mediswitch,installDay2025-04-17
11:17:11.794  I  onPkgChange  com.example.mediswitch, true
11:17:11.794  I  updateMapByPkg:com.example.mediswitch
11:17:11.794  I  getShortcutQuery : com.example.mediswitch
11:17:11.797  I  updateMapByPkg no shortcut info for com.example.mediswitch,false
11:17:11.800  I  checkChange  com.example.mediswitch, true, 3,  false, 220
11:17:11.805  I  SystemEventSubscribe: onPublishData {"type":"desktop_apps","time":1744881431676,"data":"{\"pkgList\":[\"com.android.chrome\",\"com.android.settings\",\"com.android.vending\",\"com.funbase.xradio\",\"com.gallery20\",\"com.google.android.apps.docs\",\"com.google.android.apps.maps\",\"com.google.android.apps.messaging\",\"com.google.android.apps.photos\",\"com.google.android.apps.tachyon\",\"com.google.android.calendar\",\"com.google.android.gm\",\"com.google.android.videos\",\"com.rlk.weathers\",\"com.sh.smart.caller\",\"com.sh.smart.caller\",\"com.transsion.camera\",\"com.transsion.deskclock\",\"com.transsion.gamespace.app\",\"com.transsion.healthlife\",\"com.transsion.notebook\",\"com.transsion.soundrecorder\",\"app.revanced.android.youtube\",\"com.Slack\",\"com.brave.browser\",\"com.chrome.canary\",\"com.glgjing.marvel\",\"com.google.android.apps.docs.editors.docs\",\"com.google.android.apps.docs.editors.sheets\",\"com.google.android.apps.walletnfcrel\",\"com.halanuser\",\"com.jetappfactory.jetaudioplus\",\"com.kubi.kucoin\",\"com.noon.buyerapp\",\"com.opera.browser\",\"com.oproject.earthpi\",\"com.paypal.android.p2pmobile\",\"com.snaptube.premium\",\"com.spotify.music\",\"com.tradingview.tradingviewapp\",\"com.truecaller\",\"com.vivaldi.browser\",\"com.volcanodiscovery.volcanodiscovery\",\"free.video.downloader.freevideodownloader\",\"hr.asseco.android.intesa.isbd.alex\",\"hr.asseco.android.intesa.isbd.mbanking.alex\",\"lite.cryptotab.android\",\"nextapp.fx\",\"org.zwanoo.android.speedtest\",\"com.android.stk\",\"com.facebook.katana\",\"com.facebook.orca\",\"com.google.android.apps.googleassistant\",\"com.google.android.apps.nbu.files\",\"com.google.android.apps.safetyhub\",\"com.google.android.googlequicksearchbox\",\"com.instagram.android\",\"com.transsion.calculator\",\"com.transsion.carlcare\",\"com.transsion.compass\",\"com.transsion.filemanagerx\",\"com.transsion.letswitch\",\"com.transsion.phonemaster\",\"com.transsnet.store\",\"com.trassion.infinix.xclub\",\"ai.x.grok\",\"app.phantom\",\"app.revanced.android.gms\",\"art.widgeet.android\",\"atws.app\",\"bitcoin.minning.com\",\"co.grey.mobile.android\",\"co.windyapp.android\",\"com.Neptunq.FE3D\",\"com.OProjects.FLS\",\"com.RetrostyleGames.LastPirate.deadthieves\",\"com.airdrop.airdropsniperio\",\"com.alphainventor.filemanager\",\"com.amansuperapp\",\"com.amazon.mShop.android.shopping\",\"com.amtv.apkmasr\",\"com.anthropic.claude\",\"com.app.speedwallet\",\"com.axismarkets.thndr\",\"com.belive.player\",\"com.belive.plus\",\"com.binance.dev\",\"com.bitcoin.prominer.digital.service\",\"com.bitget.exchange\",\"com.bittycoon.gomining\",\"com.blockchainvault\",\"com.btc.digital.cloud.app\",\"com.camerasideas.trimmer\",\"com.careem.acma\",\"com.cicapital.cicf.android.myapplication\",\"com.cloud.remotely.miner.usdt.tether\",\"com.cryptofarm\",\"com.deepseek.chat\",\"com.dexplorer\",\"com.dimonbugor.databasereader\",\"com.discord\",\"com.drugscom.app\",\"com.dwaprices.app\",\"com.efgh.customer\",\"com.egyptianbanks.instapay\",\"com.eldokan.misrpharmacies\",\"com.eltarshouby\",\"com.etisalat\",\"com.evolveinvestmentholding.mngm\",\"com.example.mediswitch\",\"com.fawry.myfawry\",\"com.flataverse.map\",\"com.fragileheart.mp3editor\",\"com.gameya.elgameya\",\"com.gamma.scan\",\"com.geecoders.iamdeveloper\",\"com.gemwallet.android\",\"com.getmodsapk.sai\",\"com.github.android\",\"com.gk.speed.booster.tool\",\"com.gmgn.app\",\"com.google.android.apps.adm\",\"com.google.android.apps.authenticator2\",\"com.google.android.apps.bard\",\"com.google.android.apps.playconsole\",\"com.google.android.stardroid\",\"com.google.chromeremotedesktop\",\"com.google.earth\",\"com.greenmushroom.boomblitz.gp\",\"com.huawei.appmarket\",\"com.huawei.health\",\"com.hubx.noteai\",\"com.ibkr.gt.app\",\"com.intsig.camscanner\",\"com.kashier.merchantapp\",\"com.lefan.signal\",\"com.lenovo.anyshare.gps\",\"com.lonelycatgames.Xplore\",\"com.maantheme.maan_ui\",\"com.mashreq.dob\",\"com.micromedex.coremobile\",\"com.microsoft.office.excel\",\"com.microsoft.office.wor
11:17:11.805  I  onPkgChange  com.example.mediswitch, true
11:17:11.805  I  updateMapByPkg:com.example.mediswitch
11:17:11.806  I  getShortcutQuery : com.example.mediswitch
11:17:11.807  I  updateMapByPkg no shortcut info for com.example.mediswitch,false
11:17:11.817  D  maybeAddedImsService, packageName: com.example.mediswitch
11:17:11.851  D  getMatchIconName: com.example.mediswitch result: com_example_mediswitch_mainactivity
11:17:11.865  I  updateImportantInfoData event=APK_INSTALL,pkg=com.example.mediswitch,current=1744881431786
11:17:11.905  D  onPackageModified: com.example.mediswitch
11:17:12.004  I  AppSorter:updateRecentAppList: {com.instagram.android=-972, com.vivaldi.browser=-995, com.transsion.camera=-983, com.google.android.googlequicksearchbox=-989, com.chrome.canary=-987, org.telegram.messenger=-994, com.Slack=-1000, com.whatsapp=-988, com.google.android.apps.docs.editors.docs=-978, com.sh.smart.caller=-984, com.fawry.myfawry=-976, com.nordpass.android.app.password.manager=-975, com.github.android=-999, com.android.chrome=-998, com.google.android.apps.photos=-981, com.example.mediswitch=-996, com.binance.dev=-993, com.gallery20=-982, com.google.android.gm=-991, com.anthropic.claude=-992, com.transsion.filemanagerx=-997, com.openai.chatgpt=-986, app.revanced.android.youtube=-985, com.google.android.apps.docs=-977, com.deepseek.chat=-990, com.google.android.apps.authenticator2=-973, co.grey.mobile.android=-979, com.mobisystems.office=-980, paymob.cib.smartwallet=-974}
11:17:12.014  D  maybeAddedImsService, packageName: com.example.mediswitch
11:17:12.020  D  tryCreateDynamicDrawableByTheme: isSupportByTheme = false   pkg = com.example.mediswitch
11:17:12.125  V  deleteAppPairsTable table:app_pairs, pkg:com.example.mediswitch, userId:0
11:17:12.147  V  deleteAppPairsTable table:app_pairs_launcher, pkg:com.example.mediswitch, userId:0
11:17:12.210  I  received broadcast packageName: com.example.mediswitch, current user: UserHandle{0}, packageChangeEvent: NEW_INSTALL, intent user: UserHandle{0}
11:17:12.266  D  onReceive: 监听到安装了 ： com.example.mediswitch
11:17:12.268  I  onBusEvent:PackageChangedEvent, packageName: com.example.mediswitch, actionType: android.intent.action.PACKAGE_ADDED
11:17:12.268  I  onBusEvent:WigAppChangeEvent, package : com.example.mediswitch type android.intent.action.PACKAGE_ADDED
11:17:12.268  D  PackageChangeEvent actionType = android.intent.action.PACKAGE_ADDED pkgName = com.example.mediswitch
11:17:12.277  D  ACTION_PACKAGE_ADDED apps=[ResolveInfo{926d70a com.example.mediswitch/.MainActivity m=0x108000 userHandle=UserHandle{0}}]
11:17:12.296  D  ACTION_PACKAGE_ADDED appInfo=AppInfo{ appName='MediSwitch', packageName='com.example.mediswitch', isChecked=false, label='null'}
11:17:12.301  I  [2] mxm.f(7): AIM: AppInfoCacheUpdater -> invalidating apps: [com.example.mediswitch]
11:17:12.307  D  ACTION_PACKAGE_ADDED apps=[ResolveInfo{6cacb7b com.example.mediswitch/.MainActivity m=0x108000 userHandle=UserHandle{0}}]
11:17:12.314  I  [98526] mzi.a(47): AIM: AppInfoManager-Perf > OnDeviceAppInfo > cacheHitCount=0, cacheMissCount=1. Missed  in cache (limit 10) : [com.example.mediswitch]
11:17:12.332  D  ACTION_PACKAGE_ADDED appInfo=AppInfo{ appName='', packageName='com.example.mediswitch', isChecked=false, label='null'}
11:17:12.335  D  ACTION_PACKAGE_ADDED apps=[ResolveInfo{a7a4d98 com.example.mediswitch/.MainActivity m=0x108000 userHandle=UserHandle{0}}]
11:17:12.337  D  ACTION_PACKAGE_ADDED appInfo=AppInfo{ appName='', packageName='com.example.mediswitch', isChecked=true, label='null'}
11:17:12.338  I  onBusEvent:PackageChangedEvent, packageName: com.example.mediswitch, actionType: android.intent.action.PACKAGE_CHANGED
11:17:12.341  I  onBusEvent:WigAppChangeEvent, package : com.example.mediswitch type android.intent.action.PACKAGE_CHANGED
11:17:12.341  D  PackageChangeEvent actionType = android.intent.action.PACKAGE_CHANGED pkgName = com.example.mediswitch
11:17:12.382  I  [2] mxm.f(7): AIM: AppInfoCacheUpdater -> invalidating apps: [com.example.mediswitch]
11:17:12.387  I  [98526] mzi.a(47): AIM: AppInfoManager-Perf > OnDeviceAppInfo > cacheHitCount=0, cacheMissCount=1. Missed  in cache (limit 10) : [com.example.mediswitch]
11:17:12.430  I  onReceive: add pkg = com.example.mediswitch to allowed list
11:17:12.480  I  Notify: com.transsion.phonemanager, of: app_install:com.example.mediswitch, DEBUG = false
11:17:12.541  I  Notify: com.transsion.zahooc, of: app_install:com.example.mediswitch, DEBUG = false
11:17:12.548  I  HiManager_CustomTpmsEventService: receiver4 event=app_install value=com.example.mediswitch
11:17:12.573  D  onReceive: action = android.intent.action.PACKAGE_ADDED, pkg = com.example.mediswitchlockPopSwitch = true, lockNotifySwitch = true
11:17:12.597  I  app_install: com.example.mediswitch
11:17:12.602  I  onReceive: add pkg = com.example.mediswitch to allowed list
11:17:12.604  D  actionAdded: pkg = com.example.mediswitch, inPopAppDb = false, inPopBlockDb = false, inPopNotipDb = false, inPopFilterDb = false, no do!!!
11:17:12.654  I  [RecentAppsMediator] Package added: (user=UserHandle{0}) com.example.mediswitch
11:17:12.962  I  HiManager_NetworkProvider: APP_INSTALL action packageName=com.example.mediswitch
11:17:13.145  I  HiManager_AppReceiverWork: onReceive   pkgName:com.example.mediswitch
11:17:13.520  D  Launcher.Model-mAllAppsList.updatePackage com.example.mediswitch mUser:UserHandle{0}
11:17:13.523  D  getMatchIconName: com.example.mediswitch result: com_example_mediswitch_mainactivity
11:17:13.540  D  tryCreateDynamicDrawableByTheme: isSupportByTheme = false   pkg = com.example.mediswitch
11:17:14.393  D  onActivityStarterIntercept: callingPackage = com.google.android.packageinstaller, aInfo.packageName:com.example.mediswitch,mComeLockPkgList =[]
11:17:14.396  D  TaskLaunchParamsModifier:task=null activity=ActivityRecord{1e2a961 u0 com.example.mediswitch/.MainActivity display-area-from-source=DefaultTaskDisplayArea@31879162 display-id=0 task-display-area-windowing-mode=1 suggested-display-area=DefaultTaskDisplayArea@31879162
11:17:14.396  D  TaskLaunchParamsModifier:task=null activity=ActivityRecord{1e2a961 u0 com.example.mediswitch/.MainActivity t-1} display-area-from-source=DefaultTaskDisplayArea@31879162 display-id=0 task-display-area-windowing-mode=1 suggested-display-area=DefaultTaskDisplayArea@31879162 inherit-from-source=fullscreen non-freeform-task-display-area display-area=DefaultTaskDisplayArea@31879162 default-portrait freeform-size-mismatch=Rect(291, 750 - 789, 1830)
11:17:14.396  I  needHookReparentToDefaultDisplay: sourceRecord = ActivityRecord{9b14fe u0 com.google.android.packageinstaller/com.android.packageinstaller.InstallSuccess t12359},r = ActivityRecord{1e2a961 u0 com.example.mediswitch/.MainActivity t-1}, tda = null
11:17:14.404  D  TaskLaunchParamsModifier:task=Task{48c15e6 #12451 type=standard I=com.example.mediswitch/.MainActivity} activity=ActivityRecord{1e2a961 u0 com.example.mediswitch/.MainActivity t-1} display-area-from-source=DefaultTaskDisplayArea@31879162 display-id=0 task-display-area-windowing-mode=1 suggested-display-area=DefaultTaskDisplayArea@31879162 inherit-from-source=fullscreen non-freeform-task-display-area display-area=DefaultTaskDisplayArea@31879162 default-portrait freeform-size-mismatch=Rect(291, 750 - 789, 1830)
11:17:14.405  D  onTaskCreated mCreateTaskId = com.example.mediswitch12451
11:17:14.406  E  [ActivityRecord{1e2a961 u0 com.example.mediswitch/.MainActivity t12451}#91891](this:0xb400007877742500,id:-1,api:0,p:-1,c:-1) id info cannot be read from 'ActivityRecord{1e2a961 u0 com.example.mediswitch/.MainActivity t12451}#91891'
11:17:14.406  I  [ActivityRecord{1e2a961 u0 com.example.mediswitch/.MainActivity t12451}#91891](this:0xb400007877742500,id:-1,api:0,p:-1,c:-1) BufferQueue core=(1356:/system/bin/surfaceflinger)
11:17:14.408  D  onTaskMovedToFront Task{48c15e6 #12451 type=standard I=com.example.mediswitch/.MainActivity}
11:17:14.408  D  activityComponent = ComponentInfo{com.example.mediswitch/com.example.mediswitch.MainActivity} inMultiWindow = false
11:17:14.412  I  <amsBoostResume> last:com.google.android.packageinstaller, next:com.example.mediswitch 
11:17:14.413  I  START u0 {act=android.intent.action.MAIN cat=[android.intent.category.LAUNCHER] flg=0x34000000 pkg=com.example.mediswitch cmp=com.example.mediswitch/.MainActivity} with LAUNCH_SINGLE_TOP from uid 10132 (BAL_ALLOW_VISIBLE_WINDOW) result code=0
11:17:14.413  I  Add pending draw ActivityRecord{1e2a961 u0 com.example.mediswitch/.MainActivity t12451}
11:17:14.415  V  Transition requested: android.os.BinderProxy@a894a76 TransitionRequestInfo { type = OPEN, triggerTask = TaskInfo{userId=0 taskId=12451 displayId=0 isRunning=true baseIntent=Intent { act=android.intent.action.MAIN cat=[android.intent.category.LAUNCHER] flg=0x34000000 pkg=com.example.mediswitch cmp=com.example.mediswitch/.MainActivity } baseActivity=ComponentInfo{com.example.mediswitch/com.example.mediswitch.MainActivity} topActivity=ComponentInfo{com.example.mediswitch/com.example.mediswitch.MainActivity} origActivity=null realActivity=ComponentInfo{com.example.mediswitch/com.example.mediswitch.MainActivity} numActivities=1 lastActiveTime=600303892 supportsMultiWindow=true resizeMode=1 isResizeable=true minWidth=-1 minHeight=-1 defaultMinSize=110 token=WCT{android.window.IWindowContainerToken$Stub$Proxy@e68d877} topActivityType=1 pictureInPictureParams=null shouldDockBigOverlays=false launchIntoPipHostTaskId=-1 lastParentTaskIdBeforePip=-1 displayCutoutSafeInsets=Rect(0, 120 - 0, 0) topActivityInfo=ActivityInfo{7a29ce4 com.example.mediswitch.MainActivity} launchCookies=[] positionInParent=Point(0, 0) parentTaskId=-1 isFocused=false isVisible=false isVisibleRequested=false isSleeping=false topActivityInSizeCompat=false topActivityEligibleForLetterboxEducation= false topActivityLetterboxed= false isFromDoubleTap= false topActivityLetterboxVerticalPosition= -1 topActivityLetterboxHorizontalPosition= -1 topActivityLetterboxWidth=-1 topActivityLetterboxHeight=-1 locusId=null displayAreaFeatureId=1 cameraCompatControlState=hidden}, remoteTransition = null, displayChange = null }
11:17:14.417  V  startProcess: name=com.example.mediswitch app=null knownToBeDead=false thread=null pid=-1
11:17:14.419  D  onActivityResume next:ActivityRecord{1e2a961 u0 com.example.mediswitch/.MainActivity t12451}
11:17:14.419  D  activityComponent = ComponentInfo{com.example.mediswitch/com.example.mediswitch.MainActivity} inMultiWindow = false
11:17:14.419  D  onActivityResume: packageName = com.example.mediswitch,mComeLockPkgList =[],mPreLockPkgList =[]
11:17:14.423  D  modifySuggestType 3 => 3 for ActivityInfo{862754d com.example.mediswitch.MainActivity}
11:17:14.429  I  activityCheck pkgName: com.example.mediswitch, className: com.example.mediswitch.MainActivity isResume=false isDrawn = false  mlocked false
11:17:14.440  I  amsBoostProcessCreate package:com.example.mediswitch 
11:17:14.454  D  com.example.mediswitch reason is 4 abi is arm64-v8a
11:17:14.457  V  startProcess: name=com.example.mediswitch app=ProcessRecord{c903c3a 0:com.example.mediswitch/u0a508} knownToBeDead=false thread=null pid=0
11:17:14.458  V  startProcess: name=com.example.mediswitch app=ProcessRecord{c903c3a 0:com.example.mediswitch/u0a508} knownToBeDead=false thread=null pid=0
11:17:14.459  D  setView appearance:0 Splash Screen com.example.mediswitch
11:17:14.466  E  [39b920c Splash Screen com.example.mediswitch#91893](this:0xb400007877772b90,id:-1,api:0,p:-1,c:-1) id info cannot be read from '39b920c Splash Screen com.example.mediswitch#91893'
11:17:14.466  I  [39b920c Splash Screen com.example.mediswitch#91893](this:0xb400007877772b90,id:-1,api:0,p:-1,c:-1) BufferQueue core=(1356:/system/bin/surfaceflinger)
11:17:14.477  I  Start proc 9305:com.example.mediswitch/u0a508 for next-top-activity {com.example.mediswitch/com.example.mediswitch.MainActivity}
11:17:14.484  E  [Splash Screen com.example.mediswitch#91894](this:0xb400007877864c60,id:-1,api:0,p:-1,c:-1) id info cannot be read from 'Splash Screen com.example.mediswitch#91894'
11:17:14.485  I  [Splash Screen com.example.mediswitch#91894](this:0xb400007877864c60,id:-1,api:0,p:-1,c:-1) BufferQueue core=(1356:/system/bin/surfaceflinger)
11:17:14.488  D  dispatchEvent event: SmartEvent(action=activity_check, topClassName=com.example.mediswitch.MainActivity, topPackageName=com.example.mediswitch, extras=Bundle[{is_activity_check_time=1744881434488, is_activity_check=true}])
11:17:14.498  V  Looking for focus: %sWindow{39b920c u0 Splash Screen com.example.mediswitch} flags= -2130509544 canReceive=false reason= fromTouch= false isVisibleRequestedOrAdding=true mViewVisibility=0 mRemoveOnExit=false flags=-2130509544 appWindowsAreFocusable=true canReceiveTouchInput=true displayIsOnTop=true displayIsTrusted=true transitShouldKeepFocus=false
11:17:14.512  D  Window{39b920c u0 Splash Screen com.example.mediswitch}: Setting back callback OnBackInvokedCallbackInfo{mCallback=android.window.IOnBackInvokedCallback$Stub$Proxy@9b0d392, mPriority=0, mIsAnimationCallback=false}
11:17:14.518  W  finishDrawingWindow: Window{39b920c u0 Splash Screen com.example.mediswitch} mDrawState=DRAW_PENDING
11:17:14.537  D  current thread(pid=9305) com.example.mediswitch is config default uxtag 256
11:17:14.539  I    isAnimating=false  okToAnimate=true  win=Window{39b920c u0 Splash Screen com.example.mediswitch}
11:17:14.540  W  real show surface Splash Screen com.example.mediswitch sc:Surface(name=Splash Screen com.example.mediswitch)/@0xa01f3ef win : Window{39b920c u0 Splash Screen com.example.mediswitch}
11:17:14.621  V  Sent Transition #5403 createdAt=04-17 11:17:14.395 via request=TransitionRequestInfo { type = OPEN, triggerTask = TaskInfo{userId=0 taskId=12451 displayId=0 isRunning=true baseIntent=Intent { act=android.intent.action.MAIN cat=[android.intent.category.LAUNCHER] flg=0x34000000 pkg=com.example.mediswitch cmp=com.example.mediswitch/.MainActivity } baseActivity=ComponentInfo{com.example.mediswitch/com.example.mediswitch.MainActivity} topActivity=ComponentInfo{com.example.mediswitch/com.example.mediswitch.MainActivity} origActivity=null realActivity=ComponentInfo{com.example.mediswitch/com.example.mediswitch.MainActivity} numActivities=1 lastActiveTime=600303892 supportsMultiWindow=true resizeMode=1 isResizeable=true minWidth=-1 minHeight=-1 defaultMinSize=110 token=WCT{RemoteToken{1e5e6ca Task{48c15e6 #12451 type=standard I=com.example.mediswitch/.MainActivity}}} topActivityType=1 pictureInPictureParams=null shouldDockBigOverlays=false launchIntoPipHostTaskId=-1 lastParentTaskIdBeforePip=-1 displayCutoutSafeInsets=Rect(0, 120 - 0, 0) topActivityInfo=ActivityInfo{571003b com.example.mediswitch.MainActivity} launchCookies=[] positionInParent=Point(0, 0) parentTaskId=-1 isFocused=false isVisible=false isVisibleRequested=false isSleeping=false topActivityInSizeCompat=false topActivityEligibleForLetterboxEducation= false topActivityLetterboxed= false isFromDoubleTap= false topActivityLetterboxVerticalPosition= -1 topActivityLetterboxHorizontalPosition= -1 topActivityLetterboxWidth=-1 topActivityLetterboxHeight=-1 locusId=null displayAreaFeatureId=1 cameraCompatControlState=hidden}, remoteTransition = null, displayChange = null }
11:17:14.621  V      info={id=5403 t=OPEN f=0x0 trk=0 r=[0@Point(0, 0)] c=[{WCT{RemoteToken{1e5e6ca Task{48c15e6 #12451 type=standard I=com.example.mediswitch/.MainActivity}}} m=OPEN f=NONE leash=Surface(name=Task=12451)/@0x9519e2f sb=Rect(0, 0 - 1080, 2460) eb=Rect(0, 0 - 1080, 2460) d=0},{WCT{RemoteToken{ee72870 Task{68c310d #12359 type=standard A=10232:com.transsion.filemanagerx}}} m=TO_BACK f=NONE leash=Surface(name=Task=12359)/@0x7ec1022 sb=Rect(0, 0 - 1080, 2460) eb=Rect(0, 0 - 1080, 2460) d=0}]}
11:17:14.637  D  updateSystemBarAttributes appearance:0, win appearance:0, opaqueAppearance:0, win:Window{39b920c u0 Splash Screen com.example.mediswitch}, appearanceRegions=[AppearanceRegion{ bounds=[0,0][1080,2460]}]
11:17:14.638  I  DisplayContent w: Window{39b920c u0 Splash Screen com.example.mediswitch} Apply preferredModeId = 3
11:17:14.639  E  [68cb562 ActivityRecordInputSink com.example.mediswitch/.MainActivity#91903](this:0xb400007877803f40,id:-1,api:0,p:-1,c:-1) id info cannot be read from '68cb562 ActivityRecordInputSink com.example.mediswitch/.MainActivity#91903'
11:17:14.639  I  [68cb562 ActivityRecordInputSink com.example.mediswitch/.MainActivity#91903](this:0xb400007877803f40,id:-1,api:0,p:-1,c:-1) BufferQueue core=(1356:/system/bin/surfaceflinger)
11:17:14.646  D  make process active com.example.mediswitch(9305)
11:17:14.648  D  onRealStartActivityLocked next:ActivityRecord{1e2a961 u0 com.example.mediswitch/.MainActivity t12451} isKeyguardShowing:false
11:17:14.648  D  activityComponent = ComponentInfo{com.example.mediswitch/com.example.mediswitch.MainActivity} inMultiWindow = false
11:17:14.648  D  onUpdateFocusedApp oldPackageName:com.google.android.packageinstaller oldComponent:ComponentInfo{com.google.android.packageinstaller/com.android.packageinstaller.DeleteStagedFileOnResult} newPackageName:com.example.mediswitch newComponent:ComponentInfo{com.example.mediswitch/com.example.mediswitch.MainActivity} mFm :android.hardware.fingerprint.FingerprintManager@28c12bd
11:17:14.648  V  Looking for focus: %sWindow{39b920c u0 Splash Screen com.example.mediswitch} flags= -2130509544 canReceive=false reason= fromTouch= false isVisibleRequestedOrAdding=true mViewVisibility=0 mRemoveOnExit=false flags=-2130509544 appWindowsAreFocusable=true canReceiveTouchInput=true displayIsOnTop=true displayIsTrusted=true transitShouldKeepFocus=false
11:17:14.648  I  hookDisplayResumedActivityChanged displayId: 0 packageName: com.example.mediswitch
11:17:14.648  I  amsBoostNotify pid:9305,activity:com.example.mediswitch.MainActivity, package:com.example.mediswitch, mProcessCreatePackcom.example.mediswitch 
11:17:14.649  I  [Legacy][PowerHal_Wrap_notifyAppState] com.example.mediswitch/com.example.mediswitch.MainActivity pid=9305 state:1
11:17:14.649  I  [perfNotifyAppState] pack:com.example.mediswitch, act:com.example.mediswitch.MainActivity, state:1, pid:9305, uid:10508, fps:60
11:17:14.649  I  [perfNotifyAppState] foreground:com.example.mediswitch, pid:9305, uid:10508
11:17:14.649  I  notifyForegroundApp pack:com.example.mediswitch, uid:10508
11:17:14.649  I  [notifyAppState] pc:1, com.google.android.packageinstaller => com.example.mediswitch
11:17:14.650  D  onActivityResume next:ActivityRecord{1e2a961 u0 com.example.mediswitch/.MainActivity t12451}
11:17:14.650  D  activityComponent = ComponentInfo{com.example.mediswitch/com.example.mediswitch.MainActivity} inMultiWindow = false
11:17:14.660  D   AppSwitchListener from com.google.android.packageinstaller to com.example.mediswitch
11:17:14.660  D   AppSwitchListener from com.google.android.packageinstaller to com.example.mediswitch
11:17:14.660  D  TaskProcess setRealTask mRealTask#=Task{48c15e6 #12451 type=standard I=com.example.mediswitch/.MainActivity}
11:17:14.669  D  Configuring clns-4 for other apk /data/app/~~ZuALmfVQ7AowzoCoLg8tGQ==/com.example.mediswitch-YTL70uLV4WqYlYBSS9jUHA==/base.apk. target_sdk_version=35, uses_libraries=, library_path=/data/app/~~ZuALmfVQ7AowzoCoLg8tGQ==/com.example.mediswitch-YTL70uLV4WqYlYBSS9jUHA==/lib/arm64:/data/app/~~ZuALmfVQ7AowzoCoLg8tGQ==/com.example.mediswitch-YTL70uLV4WqYlYBSS9jUHA==/base.apk!/lib/arm64-v8a, permitted_path=/data:/mnt/expand:/data/user/0/com.example.mediswitch
11:17:14.675  I  onActivityEvent get com.example.mediswitch, com.example.mediswitch.MainActivity,true
11:17:14.676  I  onAppForegroundEvent get com.example.mediswitch, true
11:17:14.681  V  ANGLE GameManagerService for com.example.mediswitch: false
11:17:14.681  D  Package com.example.mediswitch for user 0 now in bucket 10
11:17:14.681  V  com.example.mediswitch is not listed in per-application setting
11:17:14.684  I  onAppStartEvent get com.example.mediswitch,start true
11:17:14.697  I  SystemEventSubscribe: onPublishData {"type":"activity_event","time":1744881434676,"data":"{\"className\":\"com.example.mediswitch.MainActivity\",\"isResumed\":true,\"packageName\":\"com.example.mediswitch\"}","provider":"dc","dc_version":2030300000,"data_version":1,"user_id":0}
11:17:14.698  I  SystemEventSubscribe: onPublishData {"type":"app_foreground","time":1744881434693,"data":"{\"isForeground\":true,\"packageName\":\"com.example.mediswitch\"}","provider":"dc","dc_version":2030300000,"data_version":1,"user_id":0}
11:17:14.698  I  SystemEventSubscribeheh:SimpleEventBus post event AppForegroundEvent{mPackageName='com.example.mediswitch', mIsForeground=true} 1744881434693
11:17:14.698  I  SceneIdentify:onBusEvent AppForegroundEvent   com.example.mediswitch, true, d03
11:17:14.698  I  SceneIdentify:checkGameIn  com.example.mediswitch, 
11:17:14.698  I  SceneIdentify:checkSocialIn  com.example.mediswitch, 
11:17:14.698  I  TipsSceneService:event com.example.mediswitch
11:17:14.698  I  AppPredictManager:onBusEvent com.example.mediswitch true
11:17:14.702  I  AppPredictManager:onPackageChanged AppForegroundEvent com.example.mediswitch true currentTime 2025-04-17 11:17:14
11:17:14.702  I  isTheMainScreen classname: com.example.mediswitch.MainActivity  pkg:com.example.mediswitch
11:17:14.702  D  onPublishDataapp_foreground, {"type":"app_foreground","time":1744881434693,"data":"{\"isForeground\":true,\"packageName\":\"com.example.mediswitch\"}","provider":"dc","dc_version":2030300000,"data_version":1,"user_id":0}
11:17:14.705  D  isTheMainScreen, displayId = 0, classname = com.example.mediswitch.MainActivity
11:17:14.708  D  getTopPkgNew = com.example.mediswitch.MainActivity, com.example.mediswitch
11:17:14.708  D  checkInBlackList inBlackList= false， pkgAndCls= com.example.mediswitch/com.example.mediswitch.MainActivity
11:17:14.709  I  isTheMainScreen classname: com.example.mediswitch.MainActivity  pkg:com.example.mediswitch
11:17:14.711  D  isTheMainScreen, displayId = 0, classname = com.example.mediswitch.MainActivity
11:17:14.711  D  getTopPkgNew = com.example.mediswitch.MainActivity, com.example.mediswitch
11:17:14.711  D  checkInBlackList inBlackList= false， pkgAndCls= com.example.mediswitch/com.example.mediswitch.MainActivity
11:17:14.711  I  activityCheck pkgName: com.example.mediswitch, className: com.example.mediswitch.MainActivity isResume=false isDrawn = false  mlocked false
11:17:14.720  D  dispatchEvent event: SmartEvent(action=activity_check, topClassName=com.example.mediswitch.MainActivity, topPackageName=com.example.mediswitch, extras=Bundle[{is_activity_check_time=1744881434720, is_activity_check=true}])
11:17:14.739  I  isTheMainScreen classname: com.example.mediswitch.MainActivity  pkg:com.example.mediswitch
11:17:14.741  D  isTheMainScreen, displayId = 0, classname = com.example.mediswitch.MainActivity
11:17:14.742  D  getTopPkgNew = com.example.mediswitch.MainActivity, com.example.mediswitch
11:17:14.742  D  checkInBlackList inBlackList= false， pkgAndCls= com.example.mediswitch/com.example.mediswitch.MainActivity
11:17:14.748  I  isTheMainScreen classname: com.example.mediswitch.MainActivity  pkg:com.example.mediswitch
11:17:14.750  D  isTheMainScreen, displayId = 0, classname = com.example.mediswitch.MainActivity
11:17:14.750  W  setEnabledSettings: ComponentInfo{com.example.mediswitch/androidx.work.impl.background.systemjob.SystemJobService} newState:1
11:17:14.750  D  getTopPkgNew = com.example.mediswitch.MainActivity, com.example.mediswitch
11:17:14.750  D  checkInBlackList inBlackList= false， pkgAndCls= com.example.mediswitch/com.example.mediswitch.MainActivity
11:17:14.750  I  activityCheck pkgName: com.example.mediswitch, className: com.example.mediswitch.MainActivity isResume=true isDrawn = false  mlocked false
11:17:14.752  D  dispatchEvent event: SmartEvent(action=activity_check, topClassName=com.example.mediswitch.MainActivity, topPackageName=com.example.mediswitch, extras=Bundle[{is_activity_check_time=1744881434752, is_activity_check=true}])
11:17:14.770  I  isTheMainScreen classname: com.example.mediswitch.MainActivity  pkg:com.example.mediswitch
11:17:14.771  D  isTheMainScreen, displayId = 0, classname = com.example.mediswitch.MainActivity
11:17:14.772  D  getTopPkgNew = com.example.mediswitch.MainActivity, com.example.mediswitch
11:17:14.772  D  checkInBlackList inBlackList= false， pkgAndCls= com.example.mediswitch/com.example.mediswitch.MainActivity
11:17:14.778  I  isTheMainScreen classname: com.example.mediswitch.MainActivity  pkg:com.example.mediswitch
11:17:14.779  D  isTheMainScreen, displayId = 0, classname = com.example.mediswitch.MainActivity
11:17:14.779  D  getTopPkgNew = com.example.mediswitch.MainActivity, com.example.mediswitch
11:17:14.779  D  checkInBlackList inBlackList= false， pkgAndCls= com.example.mediswitch/com.example.mediswitch.MainActivity
11:17:14.801  D  handlerTaskChange pkg com.example.mediswitch  clscom.example.mediswitch.MainActivity  12451  true
11:17:14.803  D  applied 1 plugins for [com.example.mediswitch]:
11:17:14.805  I  packageName:  com.example.mediswitch  isHorizontalApp : false
11:17:14.808  D  ++ activityComponent:com.example.mediswitch/com.example.mediswitch.MainActivity counts:1 ALEAK_CLEAR_SUPPORT:true
11:17:14.826  D  dispatchEvent event: SmartEvent(action=on_task_focus_changed, topClassName=com.example.mediswitch.MainActivity, topPackageName=com.example.mediswitch, extras=Bundle[{is_split_screen=false, is_resume=false, game_package_name=}])
11:17:14.834  D  Load /data/app/~~ZuALmfVQ7AowzoCoLg8tGQ==/com.example.mediswitch-YTL70uLV4WqYlYBSS9jUHA==/base.apk!/lib/arm64-v8a/libflutter.so using ns clns-4 from class loader (caller=/data/app/~~ZuALmfVQ7AowzoCoLg8tGQ==/com.example.mediswitch-YTL70uLV4WqYlYBSS9jUHA==/base.apk): ok
11:17:14.864  I  isTheMainScreen classname: com.example.mediswitch.MainActivity  pkg:com.example.mediswitch
11:17:14.867  D  isTheMainScreen, displayId = 0, classname = com.example.mediswitch.MainActivity
11:17:14.868  D  getTopPkgNew = com.example.mediswitch.MainActivity, com.example.mediswitch
11:17:14.874  W  type=1400 audit(0.0:257101): avc:  denied  { read } for  name="max_map_count" dev="proc" ino=25698877 scontext=u:r:untrusted_app:s0:c252,c257,c512,c768 tcontext=u:object_r:proc_max_map_count:s0 tclass=file permissive=0 app=com.example.mediswitch
11:17:14.882  D  applied 1 plugins for [com.example.mediswitch]:
11:17:14.890  D  handlerActivityStart isResume = false  pkgName = com.example.mediswitch
11:17:14.901  D  handlerVideoStart isResume = false  currentPackage =   pkgName = com.example.mediswitch
11:17:14.908  D  handlerTurboStart isResume = false  currentPackage = com.transsion.filemanagerx  pkgName = com.example.mediswitch  className = com.example.mediswitch.MainActivity
11:17:14.911  I  isTheMainScreen classname: com.example.mediswitch.MainActivity  pkg:com.example.mediswitch
11:17:14.914  D  isTheMainScreen, displayId = 0, classname = com.example.mediswitch.MainActivity
11:17:14.914  D  getTopPkgNew = com.example.mediswitch.MainActivity, com.example.mediswitch
11:17:14.915  D  checkInBlackList inBlackList= false， pkgAndCls= com.example.mediswitch/com.example.mediswitch.MainActivity
11:17:14.927  D  applied 1 plugins for [com.example.mediswitch]:
11:17:14.994  I  DisplayContent w: Window{39b920c u0 Splash Screen com.example.mediswitch} Apply preferredModeId = 3
11:17:15.016  I  DisplayContent w: Window{39b920c u0 Splash Screen com.example.mediswitch} Apply preferredModeId = 3
11:17:15.022  I  DisplayContent w: Window{39b920c u0 Splash Screen com.example.mediswitch} Apply preferredModeId = 3
11:17:15.028  V  Looking for focus: %sWindow{39b920c u0 Splash Screen com.example.mediswitch} flags= -2130509544 canReceive=false reason= fromTouch= false isVisibleRequestedOrAdding=true mViewVisibility=0 mRemoveOnExit=false flags=-2130509544 appWindowsAreFocusable=true canReceiveTouchInput=true displayIsOnTop=true displayIsTrusted=true transitShouldKeepFocus=false
11:17:15.034  I  DisplayContent w: Window{39b920c u0 Splash Screen com.example.mediswitch} Apply preferredModeId = 3
11:17:15.048  V  Looking for focus: %sWindow{39b920c u0 Splash Screen com.example.mediswitch} flags= -2130509544 canReceive=false reason= fromTouch= false isVisibleRequestedOrAdding=true mViewVisibility=0 mRemoveOnExit=false flags=-2130509544 appWindowsAreFocusable=true canReceiveTouchInput=true displayIsOnTop=true displayIsTrusted=true transitShouldKeepFocus=false
11:17:15.052  I  DisplayContent w: Window{39b920c u0 Splash Screen com.example.mediswitch} Apply preferredModeId = 3
11:17:15.058  I  isTheMainScreen classname: com.example.mediswitch.MainActivity  pkg:com.example.mediswitch
11:17:15.060  D  isTheMainScreen, displayId = 0, classname = com.example.mediswitch.MainActivity
11:17:15.061  D  getTopPkgNew = com.example.mediswitch.MainActivity, com.example.mediswitch
11:17:15.061  D  handlerActivityStart: getTopPkgNew = {com.example.mediswitch/com.example.mediswitch.MainActivity/0/com.example.mediswitch.MainActivity}
11:17:15.070  I  DisplayContent w: Window{39b920c u0 Splash Screen com.example.mediswitch} Apply preferredModeId = 3
11:17:15.073  V  Looking for focus: %sWindow{39b920c u0 Splash Screen com.example.mediswitch} flags= -2130509544 canReceive=false reason= fromTouch= false isVisibleRequestedOrAdding=true mViewVisibility=0 mRemoveOnExit=false flags=-2130509544 appWindowsAreFocusable=true canReceiveTouchInput=true displayIsOnTop=true displayIsTrusted=true transitShouldKeepFocus=false
11:17:15.089  I  DisplayContent w: Window{39b920c u0 Splash Screen com.example.mediswitch} Apply preferredModeId = 3
11:17:15.093  V  Looking for focus: %sWindow{39b920c u0 Splash Screen com.example.mediswitch} flags= -2130509544 canReceive=false reason= fromTouch= false isVisibleRequestedOrAdding=true mViewVisibility=0 mRemoveOnExit=false flags=-2130509544 appWindowsAreFocusable=true canReceiveTouchInput=true displayIsOnTop=true displayIsTrusted=true transitShouldKeepFocus=false
11:17:15.138  I  DisplayContent w: Window{39b920c u0 Splash Screen com.example.mediswitch} Apply preferredModeId = 3
11:17:15.142  V  Looking for focus: %sWindow{39b920c u0 Splash Screen com.example.mediswitch} flags= -2130509544 canReceive=false reason= fromTouch= false isVisibleRequestedOrAdding=true mViewVisibility=0 mRemoveOnExit=false flags=-2130509544 appWindowsAreFocusable=true canReceiveTouchInput=true displayIsOnTop=true displayIsTrusted=true transitShouldKeepFocus=false
11:17:15.223  W  ApkAssets: Deleting an ApkAssets object '<empty> and /data/app/~~ZuALmfVQ7AowzoCoLg8tGQ==/com.example.mediswitch-YTL70uLV4WqYlYBSS9jUHA==/base.apk' with 1 weak references
11:17:15.319  D  [SF client] NEW(0xb400007777594140) for (9305:com.example.mediswitch)
11:17:15.324  D  initResolutionTunner, mPackageName:com.example.mediswitch,mContainPackageName:falsemXScaleValue:1.0,mYScaleValue:1.0
11:17:15.346  D  [TranSST0] checkTopApp: [com.example.mediswitch],[com.google.android.packageinstaller],[com.transsion.filemanagerx],
11:17:15.375  D  [SF client] NEW(0xb400007777594d10) for (9305:com.example.mediswitch)
11:17:15.387  D  current thread(pid=12942) com.example.mediswitch is config default uxtag 256
11:17:15.391  D  setView appearance:0 com.example.mediswitch/com.example.mediswitch.MainActivity
11:17:15.395  E  [a63d178 com.example.mediswitch/com.example.mediswitch.MainActivity#91908](this:0xb4000078777b15f0,id:-1,api:0,p:-1,c:-1) id info cannot be read from 'a63d178 com.example.mediswitch/com.example.mediswitch.MainActivity#91908'
11:17:15.395  I  [a63d178 com.example.mediswitch/com.example.mediswitch.MainActivity#91908](this:0xb4000078777b15f0,id:-1,api:0,p:-1,c:-1) BufferQueue core=(1356:/system/bin/surfaceflinger)
11:17:15.419  D  Window{a63d178 u0 com.example.mediswitch/com.example.mediswitch.MainActivity}: Setting back callback OnBackInvokedCallbackInfo{mCallback=android.window.IOnBackInvokedCallback$Stub$Proxy@fe86cec, mPriority=0, mIsAnimationCallback=false}
11:17:15.420  E  [com.example.mediswitch/com.example.mediswitch.MainActivity#91909](this:0xb400007877580620,id:-1,api:0,p:-1,c:-1) id info cannot be read from 'com.example.mediswitch/com.example.mediswitch.MainActivity#91909'
11:17:15.420  I  [com.example.mediswitch/com.example.mediswitch.MainActivity#91909](this:0xb400007877580620,id:-1,api:0,p:-1,c:-1) BufferQueue core=(1356:/system/bin/surfaceflinger)
11:17:15.423  I  DisplayContent w: Window{39b920c u0 Splash Screen com.example.mediswitch} Apply preferredModeId = 3
11:17:15.424  V  Looking for focus: %sWindow{39b920c u0 Splash Screen com.example.mediswitch} flags= -2130509544 canReceive=false reason= fromTouch= false isVisibleRequestedOrAdding=true mViewVisibility=0 mRemoveOnExit=false flags=-2130509544 appWindowsAreFocusable=true canReceiveTouchInput=true displayIsOnTop=true displayIsTrusted=true transitShouldKeepFocus=false
11:17:15.425  W  Changing focus from null to Window{a63d178 u0 com.example.mediswitch/com.example.mediswitch.MainActivity} displayId=0 Callers=com.android.server.wm.RootWindowContainer.updateFocusedWindowLocked:508 com.android.server.wm.WindowManagerService.updateFocusedWindowLocked:6488 com.android.server.wm.WindowManagerService.relayoutWindow:2703 com.android.server.wm.Session.relayout:259 
11:17:15.431  D  starting window overlay on focus window. WindowInfo:Window{39b920c u0 Splash Screen com.example.mediswitch}
11:17:15.431  D  check display window jam detection:Window{a63d178 u0 com.example.mediswitch/com.example.mediswitch.MainActivity}
11:17:15.431  I  Relayout Window{a63d178 u0 com.example.mediswitch/com.example.mediswitch.MainActivity}: oldVis=4 newVis=0 focusMayChange = true requestedWidth = 1080 requestedHeight = 2460 outFrames = ClientWindowFrames{frame=[0,0][1080,2460] display=[0,0][1080,2460] parentFrame=[0,0][0,0]} outSurfaceControl = Surface(name=com.example.mediswitch/com.example.mediswitch.MainActivity)/@0x38d3fb4
11:17:15.433  D  top app: com.example.mediswitch in white list: false
11:17:15.434  D  top app: com.example.mediswitch in white list: false
11:17:15.438  D  applied 1 plugins for [com.example.mediswitch]:
11:17:15.450  D  Transaction::apply InputWindowCommands.focusRequests timestamp=426823866879747, windowName=a63d178 com.example.mediswitch/com.example.mediswitch.MainActivity
11:17:15.453  E  [Bounds for - com.example.mediswitch/com.example.mediswitch.MainActivity#91912](this:0xb400007877817e30,id:-1,api:0,p:-1,c:-1) id info cannot be read from 'Bounds for - com.example.mediswitch/com.example.mediswitch.MainActivity#91912'
11:17:15.453  I  [Bounds for - com.example.mediswitch/com.example.mediswitch.MainActivity#91912](this:0xb400007877817e30,id:-1,api:0,p:-1,c:-1) BufferQueue core=(1356:/system/bin/surfaceflinger)
11:17:15.454  E  [SurfaceView[com.example.mediswitch/com.example.mediswitch.MainActivity]#91913](this:0xb40000787776fe00,id:-1,api:0,p:-1,c:-1) id info cannot be read from 'SurfaceView[com.example.mediswitch/com.example.mediswitch.MainActivity]#91913'
11:17:15.455  I  [SurfaceView[com.example.mediswitch/com.example.mediswitch.MainActivity]#91913](this:0xb40000787776fe00,id:-1,api:0,p:-1,c:-1) BufferQueue core=(1356:/system/bin/surfaceflinger)
11:17:15.455  D  title:com.example.mediswitch/com.example.mediswitch.MainActivity
11:17:15.463  E  [SurfaceView[com.example.mediswitch/com.example.mediswitch.MainActivity](BLAST)#91914](this:0xb400007877775920,id:-1,api:0,p:-1,c:-1) id info cannot be read from 'SurfaceView[com.example.mediswitch/com.example.mediswitch.MainActivity](BLAST)#91914'
11:17:15.463  I  [SurfaceView[com.example.mediswitch/com.example.mediswitch.MainActivity](BLAST)#91914](this:0xb400007877775920,id:-1,api:0,p:-1,c:-1) BufferQueue core=(1356:/system/bin/surfaceflinger)
11:17:15.463  E  [Background for SurfaceView[com.example.mediswitch/com.example.mediswitch.MainActivity]#91915](this:0xb4000078777c54e0,id:-1,api:0,p:-1,c:-1) id info cannot be read from 'Background for SurfaceView[com.example.mediswitch/com.example.mediswitch.MainActivity]#91915'
11:17:15.463  I  [Background for SurfaceView[com.example.mediswitch/com.example.mediswitch.MainActivity]#91915](this:0xb4000078777c54e0,id:-1,api:0,p:-1,c:-1) BufferQueue core=(1356:/system/bin/surfaceflinger)
11:17:15.465  D  applied 1 plugins for [com.example.mediswitch]:
11:17:15.468  D  Focus addInputWindowCommands timestamp=426823866879747, windowName=a63d178 com.example.mediswitch/com.example.mediswitch.MainActivity
11:17:15.470  D  Find Focus windowName=a63d178 com.example.mediswitch/com.example.mediswitch.MainActivity, notVisible=1
11:17:15.470  D  Focus: com.example.mediswitch/com.example.mediswitch.MainActivity#91909 isHiddenByPolicy s.flags&layer_state_t::eLayerHidden=1
11:17:15.471  D  updateWinowInfo=1, setFocusedWindow timestamp=426823866879747, windowName=a63d178 com.example.mediswitch/com.example.mediswitch.MainActivity
11:17:15.753  I  interaction: PackageSetting{161cd4c com.android.microdroid.empty_payload/10223} -> PackageSetting{a4c92d1 com.example.mediswitch/10508} BLOCKED
11:17:15.795  D  onPackageChanged: com.example.mediswitch
11:17:15.796  D  Launcher.Model-mAllAppsList.updatePackage com.example.mediswitch mUser:UserHandle{0}
11:17:15.800  D  onPackageModified: com.example.mediswitch
11:17:15.806  D  onPackageChanged received false user 0 packageName: com.example.mediswitch
11:17:15.806  D  onPackageChanged: com.example.mediswitch
11:17:15.826  D  getMatchIconName: com.example.mediswitch result: com_example_mediswitch_mainactivity
11:17:15.838  D  Package changed: android.intent.action.PACKAGE_CHANGED, pkg = com.example.mediswitch
11:17:15.863  D  tryCreateDynamicDrawableByTheme: isSupportByTheme = false   pkg = com.example.mediswitch
11:17:15.958  D  maybeAddedImsService, packageName: com.example.mediswitch
11:17:16.293  I  onBusEvent:PackageChangedEvent, packageName: com.example.mediswitch, actionType: android.intent.action.PACKAGE_CHANGED
11:17:16.293  I  onBusEvent:WigAppChangeEvent, package : com.example.mediswitch type android.intent.action.PACKAGE_CHANGED
11:17:16.293  D  PackageChangeEvent actionType = android.intent.action.PACKAGE_CHANGED pkgName = com.example.mediswitch
11:17:16.565  I  [FileLoggerService] Documents directory path: /data/user/0/com.example.mediswitch/app_flutter
11:17:16.566  I  [FileLoggerService] Attempting to log to: /data/user/0/com.example.mediswitch/app_flutter/app_log.txt
11:17:16.566  I  [FileOutput] Initializing sink for file: /data/user/0/com.example.mediswitch/app_flutter/app_log.txt
11:17:16.568  I  [FileOutput] Initializing sink for file: /data/user/0/com.example.mediswitch/app_flutter/app_log.txt
11:17:16.576  I  Database path: /data/user/0/com.example.mediswitch/app_flutter/mediswitch.db
11:17:16.668  I  [99382] vpf.d(277): com.example.mediswitch: Account from first account - [r1i8H7QszP-c1E6gxL2_cHT7tqslniRot31IdxQWa-E]
11:17:16.671  I  [99382] vpf.d(871): Billing preferred account via installer for com.example.mediswitch: [r1i8H7QszP-c1E6gxL2_cHT7tqslniRot31IdxQWa-E]
11:17:16.684  I  [99382] vpf.d(277): com.example.mediswitch: Account from first account - [r1i8H7QszP-c1E6gxL2_cHT7tqslniRot31IdxQWa-E]
11:17:16.685  I  [99382] vpf.d(871): Billing preferred account via installer for com.example.mediswitch: [r1i8H7QszP-c1E6gxL2_cHT7tqslniRot31IdxQWa-E]
11:17:16.690  D  [SurfaceView[com.example.mediswitch/com.example.mediswitch.MainActivity]#1](f:0,a:1) acquireNextBufferLocked size=1080x2460 mFrameNumber=1 applyTransaction=true mTimestamp=426825123239517(auto) mPendingTransactions.size=0 graphicBufferId=39964670689280 transform=0
11:17:16.700  I  [98509] vpf.d(277): com.example.mediswitch: Account from first account - [r1i8H7QszP-c1E6gxL2_cHT7tqslniRot31IdxQWa-E]
11:17:16.701  I  [98509] vpf.d(871): Billing preferred account via installer for com.example.mediswitch: [r1i8H7QszP-c1E6gxL2_cHT7tqslniRot31IdxQWa-E]
11:17:16.704  I  [99382] vpf.d(277): com.example.mediswitch: Account from first account - [r1i8H7QszP-c1E6gxL2_cHT7tqslniRot31IdxQWa-E]
11:17:16.705  I  [99382] vpf.d(871): Billing preferred account via installer for com.example.mediswitch: [r1i8H7QszP-c1E6gxL2_cHT7tqslniRot31IdxQWa-E]
11:17:16.747  W  finishDrawingWindow: Window{a63d178 u0 com.example.mediswitch/com.example.mediswitch.MainActivity} mDrawState=DRAW_PENDING
11:17:16.754  I  amsBoostNotify pid:10690,activity:com.android.packageinstaller.InstallSuccess, package:com.google.android.packageinstaller, mProcessCreatePackcom.example.mediswitch 
11:17:16.755  I  amsBoostNotify pid:10690,activity:com.android.packageinstaller.DeleteStagedFileOnResult, package:com.google.android.packageinstaller, mProcessCreatePackcom.example.mediswitch 
11:17:16.755  I  amsBoostNotify pid:12842,activity:com.transsion.filemanagerx.ui.outreach.LinkedActivity, package:com.transsion.filemanagerx, mProcessCreatePackcom.example.mediswitch 
11:17:16.757  D  [CheckAppFlingHint] 22 com.example.mediswitch 60
11:17:16.757  D  [CheckAppFlingHint] 30 com.example.mediswitch 60
11:17:16.757  D  [CheckAppFlingHint] 21 com.example.mediswitch 60
11:17:16.757  D  [CheckAppFlingHint] 30 com.example.mediswitch 60
11:17:16.763  I  DisplayContent w: Window{39b920c u0 Splash Screen com.example.mediswitch} Apply preferredModeId = 3
11:17:16.767  E  [Surface(name=a63d178 com.example.mediswitch/com.example.mediswitch.MainActivity)/@0x33c5ca - animation-leash of starting_reveal#91916](this:0xb400007877856890,id:-1,api:0,p:-1,c:-1) id info cannot be read from 'Surface(name=a63d178 com.example.mediswitch/com.example.mediswitch.MainActivity)/@0x33c5ca - animation-leash of starting_reveal#91916'
11:17:16.768  I  [Surface(name=a63d178 com.example.mediswitch/com.example.mediswitch.MainActivity)/@0x33c5ca - animation-leash of starting_reveal#91916](this:0xb400007877856890,id:-1,api:0,p:-1,c:-1) BufferQueue core=(1356:/system/bin/surfaceflinger)
11:17:16.774  W  real show surface com.example.mediswitch/com.example.mediswitch.MainActivity sc:Surface(name=com.example.mediswitch/com.example.mediswitch.MainActivity)/@0x6578633 win : Window{a63d178 u0 com.example.mediswitch/com.example.mediswitch.MainActivity}
11:17:16.776  I  DisplayContent w: Window{39b920c u0 Splash Screen com.example.mediswitch} Apply preferredModeId = 3
11:17:16.781  I  DisplayContent w: Window{39b920c u0 Splash Screen com.example.mediswitch} Apply preferredModeId = 3
11:17:16.792  I  [99382] vpf.d(277): com.example.mediswitch: Account from first account - [r1i8H7QszP-c1E6gxL2_cHT7tqslniRot31IdxQWa-E]
11:17:16.793  I  [99382] vpf.d(871): Billing preferred account via installer for com.example.mediswitch: [r1i8H7QszP-c1E6gxL2_cHT7tqslniRot31IdxQWa-E]
11:17:16.801  I  com.example.mediswitch:eb410816: onRequestHide at ORIGIN_SERVER_HIDE_INPUT reason HIDE_UNSPECIFIED_WINDOW
11:17:16.801  I  com.example.mediswitch:eb410816: onCancelled at PHASE_SERVER_SHOULD_HIDE
11:17:16.801  W  ClassLoaderContext classpath element checksum mismatch. expected=3865036958, found=2043475104 (DLC[];PCL[base.apk*3865036958]{PCL[/system/framework/org.apache.http.legacy.jar*1402631008]#PCL[/system/framework/com.android.media.remotedisplay.jar*2482779587]#PCL[/system/framework/com.android.location.provider.jar*825940897]#PCL[/system/framework/org.apache.http.legacy.jar*1402631008]} | DLC[];PCL[/data/app/~~ZuALmfVQ7AowzoCoLg8tGQ==/com.example.mediswitch-YTL70uLV4WqYlYBSS9jUHA==/base.apk*2043475104])
11:17:16.802  I  package: com.example.mediswitch mNeedShowSafeInput: false inputType: 0 methodMap: true isKeyguardShowing: false enable: 1 isSplitScreen: false
11:17:16.806  I  [Splash Screen com.example.mediswitch#91894](this:0xb400007877864c60,id:-1,api:0,p:-1,c:1356) queueBuffer: fps=0.44 dur=2280.33 max=2280.33 min=2280.33
11:17:16.810  I  [99382] vpf.d(277): com.example.mediswitch: Account from first account - [r1i8H7QszP-c1E6gxL2_cHT7tqslniRot31IdxQWa-E]
11:17:16.810  I  [99382] vpf.d(871): Billing preferred account via installer for com.example.mediswitch: [r1i8H7QszP-c1E6gxL2_cHT7tqslniRot31IdxQWa-E]
11:17:16.811  I  isTheMainScreen classname: com.example.mediswitch.MainActivity  pkg:com.example.mediswitch
11:17:16.812  I  APP_START_OCCURRED (pid:9305, packageName:com.example.mediswitch, transitionType:7, launchedActivityName:com.example.mediswitch.MainActivity, callerPackage:com.google.android.packageinstaller, currentTransitionDelayMs:228, startingWindowDelayMs:126, bindApplicationDelayMs:251, windowsDrawnDelayMs:2379)
11:17:16.815  D  isTheMainScreen, displayId = 0, classname = com.example.mediswitch.MainActivity
11:17:16.815  D  getTopPkgNew = com.example.mediswitch.MainActivity, com.example.mediswitch
11:17:16.826  I  Displayed com.example.mediswitch/.MainActivity for user 0: +2s379ms
11:17:16.827  I  Fully drawn com.example.mediswitch/.MainActivity: +2s379ms
11:17:16.827  I  DisplayContent w: Window{39b920c u0 Splash Screen com.example.mediswitch} Apply preferredModeId = 3
11:17:16.831  V  Looking for focus: %sWindow{39b920c u0 Splash Screen com.example.mediswitch} flags= -2130509544 canReceive=false reason= fromTouch= false isVisibleRequestedOrAdding=true mViewVisibility=0 mRemoveOnExit=false flags=-2130509544 appWindowsAreFocusable=true canReceiveTouchInput=true displayIsOnTop=true displayIsTrusted=true transitShouldKeepFocus=false
11:17:16.837  I  DisplayContent w: Window{39b920c u0 Splash Screen com.example.mediswitch} Apply preferredModeId = 3
11:17:16.849  I  DisplayContent w: Window{39b920c u0 Splash Screen com.example.mediswitch} Apply preferredModeId = 3
11:17:16.851  V  Looking for focus: %sWindow{39b920c u0 Splash Screen com.example.mediswitch} flags= -2130509544 canReceive=false reason= fromTouch= false isVisibleRequestedOrAdding=true mViewVisibility=0 mRemoveOnExit=false flags=-2130509544 appWindowsAreFocusable=true canReceiveTouchInput=true displayIsOnTop=true displayIsTrusted=true transitShouldKeepFocus=false
11:17:16.853  I  DisplayContent w: Window{39b920c u0 Splash Screen com.example.mediswitch} Apply preferredModeId = 3
11:17:16.856  V  Looking for focus: %sWindow{39b920c u0 Splash Screen com.example.mediswitch} flags= -2130509544 canReceive=false reason= fromTouch= false isVisibleRequestedOrAdding=true mViewVisibility=0 mRemoveOnExit=false flags=-2130509544 appWindowsAreFocusable=true canReceiveTouchInput=true displayIsOnTop=true displayIsTrusted=true transitShouldKeepFocus=false
11:17:16.867  I  DisplayContent w: Window{39b920c u0 Splash Screen com.example.mediswitch} Apply preferredModeId = 3
11:17:16.869  D  requestNetwork for uid/pid:10508/9305 activeRequest: null callbackRequest: 44431 [NetworkRequest [ REQUEST id=44432, [ Capabilities: INTERNET&NOT_RESTRICTED&TRUSTED&NOT_VCN_MANAGED Uid: 10508 RequestorUid: 10508 RequestorPkg: com.example.mediswitch UnderlyingNetworks: Null] ]] callback flags: 0 order: 2147483647 isUidTracked: false declaredMethods: ALL
11:17:16.873  I  isTheMainScreen classname: com.example.mediswitch.MainActivity  pkg:com.example.mediswitch
11:17:16.878  D  isTheMainScreen, displayId = 0, classname = com.example.mediswitch.MainActivity
11:17:16.879  D  getTopPkgNew = com.example.mediswitch.MainActivity, com.example.mediswitch
11:17:16.886  D  got request NetworkRequest [ REQUEST id=44432, [ Capabilities: INTERNET&NOT_RESTRICTED&TRUSTED&NOT_VCN_MANAGED Uid: 10508 RequestorUid: 10508 RequestorPkg: com.example.mediswitch UnderlyingNetworks: Null] ]
11:17:16.887  D  handlerActivityStart isResume = true  pkgName = com.example.mediswitch
11:17:16.888  D  got request NetworkRequest [ REQUEST id=44432, [ Capabilities: INTERNET&NOT_RESTRICTED&TRUSTED&NOT_VCN_MANAGED Uid: 10508 RequestorUid: 10508 RequestorPkg: com.example.mediswitch UnderlyingNetworks: Null] ]
11:17:16.891  D  got request NetworkRequest [ REQUEST id=44432, [ Capabilities: INTERNET&NOT_RESTRICTED&TRUSTED&NOT_VCN_MANAGED Uid: 10508 RequestorUid: 10508 RequestorPkg: com.example.mediswitch UnderlyingNetworks: Null] ]
11:17:16.892  D  got request NetworkRequest [ REQUEST id=44432, [ Capabilities: INTERNET&NOT_RESTRICTED&TRUSTED&NOT_VCN_MANAGED Uid: 10508 RequestorUid: 10508 RequestorPkg: com.example.mediswitch UnderlyingNetworks: Null] ]
11:17:16.902  I  isTheMainScreen classname: com.example.mediswitch.MainActivity  pkg:com.example.mediswitch
11:17:16.904  D  isTheMainScreen, displayId = 0, classname = com.example.mediswitch.MainActivity
11:17:16.905  D  getTopPkgNew = com.example.mediswitch.MainActivity, com.example.mediswitch
11:17:16.920  D  handlerVideoStart isResume = true  currentPackage =   pkgName = com.example.mediswitch
11:17:16.926  I  isTheMainScreen classname: com.example.mediswitch.MainActivity  pkg:com.example.mediswitch
11:17:16.927  D  isTheMainScreen, displayId = 0, classname = com.example.mediswitch.MainActivity
11:17:16.928  D  getTopPkgNew = com.example.mediswitch.MainActivity, com.example.mediswitch
11:17:16.935  D  handlerTurboStart isResume = true  currentPackage = com.example.mediswitch  pkgName = com.example.mediswitch  className = com.example.mediswitch.MainActivity
11:17:16.936  I  onWindowsDrawn pkgName: com.example.mediswitch, className: com.example.mediswitch.MainActivity launchState=1 windowsDrawnDelayMs =2379
11:17:16.936  I  Failed to add image file: Failed to find OatDexFile for DexFile /data/app/~~ZuALmfVQ7AowzoCoLg8tGQ==/com.example.mediswitch-YTL70uLV4WqYlYBSS9jUHA==/base.apk (canonical path /data/app/~~ZuALmfVQ7AowzoCoLg8tGQ==/com.example.mediswitch-YTL70uLV4WqYlYBSS9jUHA==/base.apk) in OatFile primary.vdex mapped directly in memory from /data/app/~~8C0QMjvZjYcSii7nsQMWWQ==/com.google.android.webview-Qcp0egYSRT-Gy9FaF3RU2g==/base.dm
11:17:16.936  D  dispatchEvent event: SmartEvent(action=on_windows_drawn, topClassName=com.example.mediswitch.MainActivity, topPackageName=com.example.mediswitch, extras=null)
11:17:16.942  I  isTheMainScreen classname: com.example.mediswitch.MainActivity  pkg:com.example.mediswitch
11:17:16.945  D  isTheMainScreen, displayId = 0, classname = com.example.mediswitch.MainActivity
11:17:16.948  D  getTopPkgNew = com.example.mediswitch.MainActivity, com.example.mediswitch
11:17:16.951  D  onWindowsDrawnCheck: , SmartEvent(action=on_windows_drawn, topClassName=com.example.mediswitch.MainActivity, topPackageName=com.example.mediswitch, extras=null), {com.example.mediswitch/com.example.mediswitch.MainActivity/0/com.example.mediswitch.MainActivity}
11:17:16.964  D  Check pass: {com.example.mediswitch/com.example.mediswitch.MainActivity/0/com.example.mediswitch.MainActivity}
11:17:16.967  I  isTheMainScreen classname: com.example.mediswitch.MainActivity  pkg:com.example.mediswitch
11:17:16.970  D  isTheMainScreen, displayId = 0, classname = com.example.mediswitch.MainActivity
11:17:16.971  D  getTopPkgNew = com.example.mediswitch.MainActivity, com.example.mediswitch
11:17:16.976  D  handlerActivityStart isResume = true  pkgName = com.example.mediswitch
11:17:16.981  I  isTheMainScreen classname: com.example.mediswitch.MainActivity  pkg:com.example.mediswitch
11:17:16.994  D  isTheMainScreen, displayId = 0, classname = com.example.mediswitch.MainActivity
11:17:16.995  D  getTopPkgNew = com.example.mediswitch.MainActivity, com.example.mediswitch
11:17:16.998  I  isTheMainScreen classname: com.example.mediswitch.MainActivity  pkg:com.example.mediswitch
11:17:17.005  D  isTheMainScreen, displayId = 0, classname = com.example.mediswitch.MainActivity
11:17:17.006  D  getTopPkgNew = com.example.mediswitch.MainActivity, com.example.mediswitch
11:17:17.006  D  handlerActivityStart: getTopPkgNew = {com.example.mediswitch/com.example.mediswitch.MainActivity/0/com.example.mediswitch.MainActivity}
11:17:17.020  D  handlerVideoStart isResume = true  currentPackage =   pkgName = com.example.mediswitch
11:17:17.024  I  isTheMainScreen classname: com.example.mediswitch.MainActivity  pkg:com.example.mediswitch
11:17:17.027  D  isTheMainScreen, displayId = 0, classname = com.example.mediswitch.MainActivity
11:17:17.027  D  getTopPkgNew = com.example.mediswitch.MainActivity, com.example.mediswitch
11:17:17.036  D  handlerTurboStart isResume = true  currentPackage = com.example.mediswitch  pkgName = com.example.mediswitch  className = com.example.mediswitch.MainActivity
11:17:17.039  I  isTheMainScreen classname: com.example.mediswitch.MainActivity  pkg:com.example.mediswitch
11:17:17.042  D  isTheMainScreen, displayId = 0, classname = com.example.mediswitch.MainActivity
11:17:17.042  D  getTopPkgNew = com.example.mediswitch.MainActivity, com.example.mediswitch
11:17:17.046  I  Start proc 13058:com.google.android.webview:sandboxed_process0:org.chromium.content.app.SandboxedProcessService0:0/u0i915 for  {com.example.mediswitch/org.chromium.content.app.SandboxedProcessService0:0}
11:17:17.062  I    isAnimating=false  okToAnimate=true  win=Window{39b920c u0 Splash Screen com.example.mediswitch}
11:17:17.063  E  [Surface(name=39b920c Splash Screen com.example.mediswitch)/@0x6522af7 - animation-leash of window_animation#91918](this:0xb40000787785c3b0,id:-1,api:0,p:-1,c:-1) id info cannot be read from 'Surface(name=39b920c Splash Screen com.example.mediswitch)/@0x6522af7 - animation-leash of window_animation#91918'
11:17:17.063  I  [Surface(name=39b920c Splash Screen com.example.mediswitch)/@0x6522af7 - animation-leash of window_animation#91918](this:0xb40000787785c3b0,id:-1,api:0,p:-1,c:-1) BufferQueue core=(1356:/system/bin/surfaceflinger)
11:17:17.073  I  DisplayContent w: Window{39b920c u0 Splash Screen com.example.mediswitch EXITING} Apply preferredModeId = 3
11:17:17.077  D  [CheckAppFlingHint] 101 com.example.mediswitch 60
11:17:17.084  V  Looking for focus: %sWindow{39b920c u0 Splash Screen com.example.mediswitch EXITING} flags= -2130509544 canReceive=false reason= fromTouch= false isVisibleRequestedOrAdding=false mViewVisibility=8 mRemoveOnExit=false flags=-2130509544 appWindowsAreFocusable=true canReceiveTouchInput=true displayIsOnTop=true displayIsTrusted=true transitShouldKeepFocus=false
11:17:17.090  D  Window{39b920c u0 Splash Screen com.example.mediswitch EXITING}: Setting back callback null
11:17:17.101  I  isTheMainScreen classname: com.example.mediswitch.MainActivity  pkg:com.example.mediswitch
11:17:17.104  D  isTheMainScreen, displayId = 0, classname = com.example.mediswitch.MainActivity
11:17:17.105  D  getTopPkgNew = com.example.mediswitch.MainActivity, com.example.mediswitch
11:17:17.105  D  handlerActivityStart: getTopPkgNew = {com.example.mediswitch/com.example.mediswitch.MainActivity/0/com.example.mediswitch.MainActivity}
11:17:17.109  I    onAnimationFinished on win=Window{a63d178 u0 com.example.mediswitch/com.example.mediswitch.MainActivity}
11:17:17.109  W  Input channel object '39b920c Splash Screen com.example.mediswitch (client)' was disposed without first being removed with the input manager!
11:17:17.109  V  Looking for focus: %sWindow{39b920c u0 Splash Screen com.example.mediswitch EXITING} flags= -2130509544 canReceive=false reason= fromTouch= false isVisibleRequestedOrAdding=false mViewVisibility=8 mRemoveOnExit=true flags=-2130509544 appWindowsAreFocusable=true canReceiveTouchInput=true displayIsOnTop=true displayIsTrusted=true transitShouldKeepFocus=false
11:17:17.114  I  DisplayContent w: Window{39b920c u0 Splash Screen com.example.mediswitch EXITING} Apply preferredModeId = 3
11:17:17.121  I  DisplayContent w: Window{39b920c u0 Splash Screen com.example.mediswitch EXITING} Apply preferredModeId = 3
11:17:17.171  D  requestNetwork for uid/pid:10508/9305 activeRequest: null callbackRequest: 44433 [NetworkRequest [ REQUEST id=44434, [ Capabilities: INTERNET&NOT_RESTRICTED&TRUSTED&NOT_VCN_MANAGED Uid: 10508 RequestorUid: 10508 RequestorPkg: com.example.mediswitch UnderlyingNetworks: Null] ]] callback flags: 0 order: 2147483647 isUidTracked: false declaredMethods: ALL
11:17:17.197  D  got request NetworkRequest [ REQUEST id=44434, [ Capabilities: INTERNET&NOT_RESTRICTED&TRUSTED&NOT_VCN_MANAGED Uid: 10508 RequestorUid: 10508 RequestorPkg: com.example.mediswitch UnderlyingNetworks: Null] ]
11:17:17.199  D  got request NetworkRequest [ REQUEST id=44434, [ Capabilities: INTERNET&NOT_RESTRICTED&TRUSTED&NOT_VCN_MANAGED Uid: 10508 RequestorUid: 10508 RequestorPkg: com.example.mediswitch UnderlyingNetworks: Null] ]
11:17:17.199  D  got request NetworkRequest [ REQUEST id=44434, [ Capabilities: INTERNET&NOT_RESTRICTED&TRUSTED&NOT_VCN_MANAGED Uid: 10508 RequestorUid: 10508 RequestorPkg: com.example.mediswitch UnderlyingNetworks: Null] ]
11:17:17.200  D  got request NetworkRequest [ REQUEST id=44434, [ Capabilities: INTERNET&NOT_RESTRICTED&TRUSTED&NOT_VCN_MANAGED Uid: 10508 RequestorUid: 10508 RequestorPkg: com.example.mediswitch UnderlyingNetworks: Null] ]
11:17:17.240  D  setParent old=ActivityRecord{1e2a961 u0 com.example.mediswitch/.MainActivity t12451},new=null,this window=Window{39b920c u0 Splash Screen com.example.mediswitch},callers=com.android.server.wm.WindowContainer.removeChild:822 com.android.server.wm.ActivityRecord.removeChild:4931 com.android.server.wm.ActivityRecord.removeChild:477 com.android.server.wm.WindowContainer.removeImmediately:892 com.android.server.wm.WindowState.removeImmediately:2574 com.android.server.wm.WindowState.destroySurface:3739 
11:17:17.243  D  postWindowRemoveCleanupLocked: token:ActivityRecord{1e2a961 u0 com.example.mediswitch/.MainActivity t12451} win:Window{39b920c u0 Splash Screen com.example.mediswitch} token.isEmpty:false token.mPersistOnEmpty:true
11:17:17.252  I  DisplayContent w: Window{a63d178 u0 com.example.mediswitch/com.example.mediswitch.MainActivity} Apply preferredModeId = 3
11:17:17.257  I    onAnimationFinished on win=Window{39b920c u0 Splash Screen com.example.mediswitch}
11:17:17.272  I  DisplayContent w: Window{a63d178 u0 com.example.mediswitch/com.example.mediswitch.MainActivity} Apply preferredModeId = 3
11:17:17.276  I  [39b920c Splash Screen com.example.mediswitch#91893](this:0xb400007877772b90,id:-1,api:0,p:-1,c:1356) onDestructor()
11:17:17.276  I  [Surface(name=39b920c Splash Screen com.example.mediswitch)/@0x6522af7 - animation-leash of window_animation#91918](this:0xb40000787785c3b0,id:-1,api:0,p:-1,c:1356) onDestructor()
11:17:17.277  I  [Splash Screen com.example.mediswitch#91894](this:0xb400007877864c60,id:-1,api:0,p:-1,c:1356) onDestructor()
11:17:17.300  D  current thread(pid=13058) com.example.mediswitch is config default uxtag 256
11:17:17.303  D  applied 1 plugins for [com.example.mediswitch]:
11:17:17.320  D  searching for layers in '/data/app/~~ZuALmfVQ7AowzoCoLg8tGQ==/com.example.mediswitch-YTL70uLV4WqYlYBSS9jUHA==/lib/arm64'
11:17:17.320  D  searching for layers in '/data/app/~~ZuALmfVQ7AowzoCoLg8tGQ==/com.example.mediswitch-YTL70uLV4WqYlYBSS9jUHA==/base.apk!/lib/arm64-v8a'
11:17:17.350  W  ApkAssets: Deleting an ApkAssets object '<empty> and /data/app/~~ZuALmfVQ7AowzoCoLg8tGQ==/com.example.mediswitch-YTL70uLV4WqYlYBSS9jUHA==/base.apk' with 1 weak references
11:17:17.792  W  ApkAssets: Deleting an ApkAssets object '<empty> and /data/app/~~ZuALmfVQ7AowzoCoLg8tGQ==/com.example.mediswitch-YTL70uLV4WqYlYBSS9jUHA==/base.apk' with 1 weak references
11:17:17.823  I  [perfNotifyAppState] pack:com.example.mediswitch, act:com.example.mediswitch.MainActivity, state:5, pid:9305, uid:10508, fps:-1
11:17:17.824  I  notifyForegroundApp pack:com.example.mediswitch, uid:10508
11:17:17.959  D  packageChanged pkgName: com.example.mediswitch, isChangeDb:true, isDbRemove: false, isPkgAdd:true  needToast:true  isDefaultPackage:false
11:17:17.959  D  onPackageChanged pkgName: com.example.mediswitch, isChangeDb:true, isDbRemove: false, isPkgAdd:true
11:17:17.978  D  updateAppItemWhenPackageChange: PanelItemInfo{ PackageName: com.example.mediswitch, Label: MediSwitch, Type: 2, added: true, Id: null, mIconPath: /data/user/0/com.transsion.smartpanel/files/appIcon1735118823812/com.example.mediswitchnull.jpg, mIcon: null}
11:17:17.978  D  doCheckAndAddAppOrShortcut pkgName = com.example.mediswitch, packageChange = false
11:17:17.979  D  updateAppData pkgName: com.example.mediswitch isAddTo:true
11:17:18.032  D  updateAppItemWhenPackageChange: PanelItemInfo{ PackageName: com.example.mediswitch, Label: MediSwitch, Type: 2, added: true, Id: null, mIconPath: /data/user/0/com.transsion.smartpanel/files/appIcon1735118823812/com.example.mediswitchnull.jpg, mIcon: null}
11:17:18.032  D  updateAppData panelItemInfo:PanelItemInfo{ PackageName: com.example.mediswitch, Label: MediSwitch, Type: 2, added: true, Id: null, mIconPath: /data/user/0/com.transsion.smartpanel/files/appIcon1735118823812/com.example.mediswitchnull.jpg, mIcon: null}
11:17:18.044  D  packageChanged pkgName = com.example.mediswitch, enabled: true
11:17:18.044  D  packageChanged pkgName: com.example.mediswitch, isChangeDb:false, isDbRemove: false, isPkgAdd:true  needToast:true  isDefaultPackage:false
11:17:18.044  D  onPackageChanged pkgName: com.example.mediswitch, isChangeDb:false, isDbRemove: false, isPkgAdd:true
11:17:18.053  D  updateAppItemWhenPackageChange: PanelItemInfo{ PackageName: com.example.mediswitch, Label: MediSwitch, Type: 2, added: true, Id: null, mIconPath: /data/user/0/com.transsion.smartpanel/files/appIcon1735118823812/com.example.mediswitchnull.jpg, mIcon: null}
11:17:18.053  D  doCheckAndAddAppOrShortcut pkgName = com.example.mediswitch, packageChange = true
11:17:18.054  D  updateAppData pkgName: com.example.mediswitch isAddTo:true
11:17:18.093  D  updateAppItemWhenPackageChange: PanelItemInfo{ PackageName: com.example.mediswitch, Label: MediSwitch, Type: 2, added: true, Id: null, mIconPath: /data/user/0/com.transsion.smartpanel/files/appIcon1735118823812/com.example.mediswitchnull.jpg, mIcon: null}
11:17:18.093  D  updateAppData panelItemInfo:PanelItemInfo{ PackageName: com.example.mediswitch, Label: MediSwitch, Type: 2, added: true, Id: null, mIconPath: /data/user/0/com.transsion.smartpanel/files/appIcon1735118823812/com.example.mediswitchnull.jpg, mIcon: null}
11:17:18.104  D  packageChanged pkgName = com.example.mediswitch, enabled: true
11:17:18.104  D  packageChanged pkgName: com.example.mediswitch, isChangeDb:false, isDbRemove: false, isPkgAdd:true  needToast:true  isDefaultPackage:false
11:17:18.104  D  onPackageChanged pkgName: com.example.mediswitch, isChangeDb:false, isDbRemove: false, isPkgAdd:true
11:17:18.113  D  updateAppItemWhenPackageChange: PanelItemInfo{ PackageName: com.example.mediswitch, Label: MediSwitch, Type: 2, added: true, Id: null, mIconPath: /data/user/0/com.transsion.smartpanel/files/appIcon1735118823812/com.example.mediswitchnull.jpg, mIcon: null}
11:17:18.113  D  doCheckAndAddAppOrShortcut pkgName = com.example.mediswitch, packageChange = true
11:17:18.115  D  updateAppData pkgName: com.example.mediswitch isAddTo:true
11:17:18.191  D  updateAppItemWhenPackageChange: PanelItemInfo{ PackageName: com.example.mediswitch, Label: MediSwitch, Type: 2, added: true, Id: null, mIconPath: /data/user/0/com.transsion.smartpanel/files/appIcon1735118823812/com.example.mediswitchnull.jpg, mIcon: null}
11:17:18.192  D  updateAppData panelItemInfo:PanelItemInfo{ PackageName: com.example.mediswitch, Label: MediSwitch, Type: 2, added: true, Id: null, mIconPath: /data/user/0/com.transsion.smartpanel/files/appIcon1735118823812/com.example.mediswitchnull.jpg, mIcon: null}
11:17:18.355  W  ApkAssets: Deleting an ApkAssets object '<empty> and /data/app/~~ZuALmfVQ7AowzoCoLg8tGQ==/com.example.mediswitch-YTL70uLV4WqYlYBSS9jUHA==/base.apk' with 1 weak references
11:17:18.962  D  [CheckAppFlingHint] 25 com.example.mediswitch -1
11:17:18.965  D  enforcePermission, com.example.mediswitch do getFeature
11:17:19.003  I  [SurfaceView[com.example.mediswitch/com.example.mediswitch.MainActivity](BLAST)#91914](this:0xb400007877775920,id:-1,api:0,p:-1,c:1356) queueBuffer: fps=3.48 dur=2297.31 max=2144.72 min=16.08
11:17:19.045  D  [CheckAppFlingHint] 45 com.example.mediswitch -1
11:17:19.128  D  [CheckAppFlingHint] 43 com.example.mediswitch -1
11:17:19.451  D  [CheckAppFlingHint] 25 com.example.mediswitch -1
11:17:19.489  D  [CheckAppFlingHint] 43 com.example.mediswitch -1
11:17:19.489  D  [CheckAppFlingHint] 45 com.example.mediswitch -1
11:17:19.574  D  [CheckAppFlingHint] 43 com.example.mediswitch -1
11:17:19.823  I  [perfNotifyAppState] pack:com.example.mediswitch, act:com.example.mediswitch.MainActivity, state:5, pid:9305, uid:10508, fps:60
11:17:19.826  I  notifyForegroundApp pack:com.example.mediswitch, uid:10508
11:17:19.908  D  [CheckAppFlingHint] 25 com.example.mediswitch 60
11:17:19.946  D  [CheckAppFlingHint] 43 com.example.mediswitch 60
11:17:19.947  D  [CheckAppFlingHint] 45 com.example.mediswitch 60
11:17:20.004  D  [CheckAppFlingHint] 43 com.example.mediswitch 60
11:17:20.009  I  [SurfaceView[com.example.mediswitch/com.example.mediswitch.MainActivity](BLAST)#91914](this:0xb400007877775920,id:-1,api:0,p:-1,c:1356) queueBuffer: fps=57.68 dur=1005.60 max=33.60 min=16.43
11:17:20.543  D  Installing profile for com.example.mediswitch
11:17:20.858  D  [CheckAppFlingHint] 25 com.example.mediswitch 60
11:17:21.013  W  Unable to open '/data/user/0/com.example.mediswitch/cache/1731536186208.dm': No such file or directory
11:17:21.024  D  requestNetwork for uid/pid:10508/9305 activeRequest: null callbackRequest: 44440 [NetworkRequest [ REQUEST id=44441, [ Capabilities: INTERNET&NOT_RESTRICTED&TRUSTED&NOT_VCN_MANAGED Uid: 10508 RequestorUid: 10508 RequestorPkg: com.example.mediswitch UnderlyingNetworks: Null] ]] callback flags: 0 order: 2147483647 isUidTracked: false declaredMethods: ALL
11:17:21.029  D  got request NetworkRequest [ REQUEST id=44441, [ Capabilities: INTERNET&NOT_RESTRICTED&TRUSTED&NOT_VCN_MANAGED Uid: 10508 RequestorUid: 10508 RequestorPkg: com.example.mediswitch UnderlyingNetworks: Null] ]
11:17:21.030  D  got request NetworkRequest [ REQUEST id=44441, [ Capabilities: INTERNET&NOT_RESTRICTED&TRUSTED&NOT_VCN_MANAGED Uid: 10508 RequestorUid: 10508 RequestorPkg: com.example.mediswitch UnderlyingNetworks: Null] ]
11:17:21.030  D  got request NetworkRequest [ REQUEST id=44441, [ Capabilities: INTERNET&NOT_RESTRICTED&TRUSTED&NOT_VCN_MANAGED Uid: 10508 RequestorUid: 10508 RequestorPkg: com.example.mediswitch UnderlyingNetworks: Null] ]
11:17:21.030  D  got request NetworkRequest [ REQUEST id=44441, [ Capabilities: INTERNET&NOT_RESTRICTED&TRUSTED&NOT_VCN_MANAGED Uid: 10508 RequestorUid: 10508 RequestorPkg: com.example.mediswitch UnderlyingNetworks: Null] ]
11:17:21.032  D  requestNetwork for uid/pid:10508/9305 activeRequest: null callbackRequest: 44442 [NetworkRequest [ REQUEST id=44443, [ Capabilities: INTERNET&NOT_RESTRICTED&TRUSTED&NOT_VCN_MANAGED Uid: 10508 RequestorUid: 10508 RequestorPkg: com.example.mediswitch UnderlyingNetworks: Null] ]] callback flags: 0 order: 2147483647 isUidTracked: false declaredMethods: ALL
11:17:21.038  D  got request NetworkRequest [ REQUEST id=44443, [ Capabilities: INTERNET&NOT_RESTRICTED&TRUSTED&NOT_VCN_MANAGED Uid: 10508 RequestorUid: 10508 RequestorPkg: com.example.mediswitch UnderlyingNetworks: Null] ]
11:17:21.038  D  got request NetworkRequest [ REQUEST id=44443, [ Capabilities: INTERNET&NOT_RESTRICTED&TRUSTED&NOT_VCN_MANAGED Uid: 10508 RequestorUid: 10508 RequestorPkg: com.example.mediswitch UnderlyingNetworks: Null] ]
11:17:21.038  D  got request NetworkRequest [ REQUEST id=44443, [ Capabilities: INTERNET&NOT_RESTRICTED&TRUSTED&NOT_VCN_MANAGED Uid: 10508 RequestorUid: 10508 RequestorPkg: com.example.mediswitch UnderlyingNetworks: Null] ]
11:17:21.038  D  got request NetworkRequest [ REQUEST id=44443, [ Capabilities: INTERNET&NOT_RESTRICTED&TRUSTED&NOT_VCN_MANAGED Uid: 10508 RequestorUid: 10508 RequestorPkg: com.example.mediswitch UnderlyingNetworks: Null] ]
11:17:21.050  D  getAudioState() from uid/pid: 10508/9305, callingApp=com.example.mediswitch
11:17:21.072  D  getAudioState() from uid/pid: 10508/9305, callingApp=com.example.mediswitch
11:17:21.124  D  getAudioState() from uid/pid: 10508/9305, callingApp=com.example.mediswitch
11:17:21.182  I  [SurfaceView[com.example.mediswitch/com.example.mediswitch.MainActivity](BLAST)#91914](this:0xb400007877775920,id:-1,api:0,p:-1,c:1356) queueBuffer: fps=46.01 dur=1173.62 max=184.25 min=16.54
11:17:21.184  I  com.example.mediswitch:a44bf99f: onRequestShow at ORIGIN_CLIENT_SHOW_SOFT_INPUT reason SHOW_SOFT_INPUT
11:17:21.189  I  package: com.example.mediswitch mNeedShowSafeInput: false inputType: 32769 methodMap: true isKeyguardShowing: false enable: 1 isSplitScreen: false
11:17:21.195  I  DisplayContent w: Window{a63d178 u0 com.example.mediswitch/com.example.mediswitch.MainActivity} Apply preferredModeId = 3
11:17:21.378  I  DisplayContent w: Window{a63d178 u0 com.example.mediswitch/com.example.mediswitch.MainActivity} Apply preferredModeId = 3
11:17:21.386  I  DisplayContent w: Window{a63d178 u0 com.example.mediswitch/com.example.mediswitch.MainActivity} Apply preferredModeId = 3
11:17:21.400  I  DisplayContent w: Window{a63d178 u0 com.example.mediswitch/com.example.mediswitch.MainActivity} Apply preferredModeId = 3
11:17:21.464  I  DisplayContent w: Window{a63d178 u0 com.example.mediswitch/com.example.mediswitch.MainActivity} Apply preferredModeId = 3
11:17:22.516  I  com.example.mediswitch:57562b51: onRequestShow at ORIGIN_CLIENT_SHOW_SOFT_INPUT reason SHOW_SOFT_INPUT
11:17:22.523  I  DisplayContent w: Window{a63d178 u0 com.example.mediswitch/com.example.mediswitch.MainActivity} Apply preferredModeId = 3
11:17:22.524  I  [SurfaceView[com.example.mediswitch/com.example.mediswitch.MainActivity](BLAST)#91914](this:0xb400007877775920,id:-1,api:0,p:-1,c:1356) queueBuffer: fps=1.49 dur=1341.59 max=1324.70 min=16.89
11:17:22.534  D  Window{a63d178 u0 com.example.mediswitch/com.example.mediswitch.MainActivity}: Setting back callback OnBackInvokedCallbackInfo{mCallback=android.window.IOnBackInvokedCallback$Stub$Proxy@ba0b409, mPriority=0, mIsAnimationCallback=false}
11:17:22.541  I  [com.example.mediswitch/com.example.mediswitch.MainActivity#91909](this:0xb400007877580620,id:-1,api:0,p:-1,c:1356) queueBuffer: fps=0.17 dur=5801.21 max=5801.21 min=5801.21
11:17:22.541  D  updateSystemBarAttributes appearance:0, win appearance:0, opaqueAppearance:0, win:Window{a63d178 u0 com.example.mediswitch/com.example.mediswitch.MainActivity}, appearanceRegions=[AppearanceRegion{ bounds=[0,0][1080,2460]}]
11:17:22.544  D  Notified activity assist data for activity: Token{6b84c70 ActivityRecord{1e2a961 u0 com.example.mediswitch/.MainActivity t12451}} without a session Id
11:17:22.546  I  com.example.mediswitch:57562b51: onCancelled at PHASE_CLIENT_APPLY_ANIMATION
11:17:22.549  I  DisplayContent w: Window{a63d178 u0 com.example.mediswitch/com.example.mediswitch.MainActivity} Apply preferredModeId = 3
11:17:22.563  I  DisplayContent w: Window{a63d178 u0 com.example.mediswitch/com.example.mediswitch.MainActivity} Apply preferredModeId = 3
11:17:22.601  W  Unable to open '/data/user/0/com.example.mediswitch/app_pccache/5/C59EFC0E35180EEF6E29690E1AB3BB0D83EA836B/pcam.dm': No such file or directory
11:17:22.622  W  type=1400 audit(0.0:257104): avc:  granted  { execute } for  path="/data/data/com.example.mediswitch/app_pccache/5/C59EFC0E35180EEF6E29690E1AB3BB0D83EA836B/pcam.jar" dev="dm-97" ino=703943 scontext=u:r:untrusted_app:s0:c252,c257,c512,c768 tcontext=u:object_r:app_data_file:s0:c252,c257,c512,c768 tclass=file app=com.example.mediswitch
11:17:22.626  D  Load /data/user/0/com.example.mediswitch/app_pccache/5/C59EFC0E35180EEF6E29690E1AB3BB0D83EA836B/pcam.jar!/libdB1C914DB0982.so using isolated ns clns-12 (caller=/data/user/0/com.example.mediswitch/app_pccache/5/C59EFC0E35180EEF6E29690E1AB3BB0D83EA836B/pcam.jar): ok
11:17:22.841  I  com.example.mediswitch:a44bf99f: onShown
11:17:22.874  W  type=1400 audit(0.0:257105): avc:  denied  { getopt } for  path="/dev/socket/usap_pool_primary" scontext=u:r:untrusted_app:s0:c252,c257,c512,c768 tcontext=u:r:zygote:s0 tclass=unix_stream_socket permissive=0 app=com.example.mediswitch
11:17:23.530  I  [SurfaceView[com.example.mediswitch/com.example.mediswitch.MainActivity](BLAST)#91914](this:0xb400007877775920,id:-1,api:0,p:-1,c:1356) queueBuffer: fps=58.66 dur=1005.82 max=32.08 min=14.24
11:17:24.536  I  [SurfaceView[com.example.mediswitch/com.example.mediswitch.MainActivity](BLAST)#91914](this:0xb400007877775920,id:-1,api:0,p:-1,c:1356) queueBuffer: fps=51.68 dur=1006.19 max=100.68 min=16.53
11:17:25.542  I  [SurfaceView[com.example.mediswitch/com.example.mediswitch.MainActivity](BLAST)#91914](this:0xb400007877775920,id:-1,api:0,p:-1,c:1356) queueBuffer: fps=59.65 dur=1005.91 max=17.20 min=16.38
11:17:25.726  I  [com.example.mediswitch/com.example.mediswitch.MainActivity#91909](this:0xb400007877580620,id:-1,api:0,p:-1,c:1356) queueBuffer: fps=6.28 dur=3185.70 max=2850.16 min=14.22
11:17:26.548  I  [SurfaceView[com.example.mediswitch/com.example.mediswitch.MainActivity](BLAST)#91914](this:0xb400007877775920,id:-1,api:0,p:-1,c:1356) queueBuffer: fps=47.71 dur=1006.18 max=117.35 min=16.49
11:17:27.269  I  [com.example.mediswitch/com.example.mediswitch.MainActivity#91909](this:0xb400007877580620,id:-1,api:0,p:-1,c:1356) queueBuffer: fps=1.94 dur=1542.52 max=1408.36 min=33.55
11:17:27.554  I  [SurfaceView[com.example.mediswitch/com.example.mediswitch.MainActivity](BLAST)#91914](this:0xb400007877775920,id:-1,api:0,p:-1,c:1356) queueBuffer: fps=59.65 dur=1005.90 max=18.47 min=15.64
11:17:28.560  I  [SurfaceView[com.example.mediswitch/com.example.mediswitch.MainActivity](BLAST)#91914](this:0xb400007877775920,id:-1,api:0,p:-1,c:1356) queueBuffer: fps=59.64 dur=1005.97 max=16.99 min=16.61
11:17:29.566  I  [SurfaceView[com.example.mediswitch/com.example.mediswitch.MainActivity](BLAST)#91914](this:0xb400007877775920,id:-1,api:0,p:-1,c:1356) queueBuffer: fps=59.64 dur=1006.00 max=17.22 min=16.28
11:17:30.572  I  [SurfaceView[com.example.mediswitch/com.example.mediswitch.MainActivity](BLAST)#91914](this:0xb400007877775920,id:-1,api:0,p:-1,c:1356) queueBuffer: fps=59.64 dur=1006.07 max=17.15 min=16.47
11:17:31.578  I  [SurfaceView[com.example.mediswitch/com.example.mediswitch.MainActivity](BLAST)#91914](this:0xb400007877775920,id:-1,api:0,p:-1,c:1356) queueBuffer: fps=59.64 dur=1006.01 max=16.99 min=16.54
11:17:32.584  I  [SurfaceView[com.example.mediswitch/com.example.mediswitch.MainActivity](BLAST)#91914](this:0xb400007877775920,id:-1,api:0,p:-1,c:1356) queueBuffer: fps=59.63 dur=1006.21 max=17.25 min=16.36
11:17:33.590  I  [SurfaceView[com.example.mediswitch/com.example.mediswitch.MainActivity](BLAST)#91914](this:0xb400007877775920,id:-1,api:0,p:-1,c:1356) queueBuffer: fps=59.64 dur=1006.03 max=18.58 min=14.60
11:17:34.596  I  [SurfaceView[com.example.mediswitch/com.example.mediswitch.MainActivity](BLAST)#91914](this:0xb400007877775920,id:-1,api:0,p:-1,c:1356) queueBuffer: fps=59.64 dur=1006.01 max=16.97 min=16.52
11:17:35.602  I  [SurfaceView[com.example.mediswitch/com.example.mediswitch.MainActivity](BLAST)#91914](this:0xb400007877775920,id:-1,api:0,p:-1,c:1356) queueBuffer: fps=59.64 dur=1005.98 max=16.97 min=16.55
11:17:36.608  I  [SurfaceView[com.example.mediswitch/com.example.mediswitch.MainActivity](BLAST)#91914](this:0xb400007877775920,id:-1,api:0,p:-1,c:1356) queueBuffer: fps=59.65 dur=1005.91 max=17.02 min=16.56
11:17:37.614  I  [SurfaceView[com.example.mediswitch/com.example.mediswitch.MainActivity](BLAST)#91914](this:0xb400007877775920,id:-1,api:0,p:-1,c:1356) queueBuffer: fps=59.64 dur=1006.08 max=17.10 min=16.41
11:17:38.620  I  [SurfaceView[com.example.mediswitch/com.example.mediswitch.MainActivity](BLAST)#91914](this:0xb400007877775920,id:-1,api:0,p:-1,c:1356) queueBuffer: fps=59.65 dur=1005.91 max=17.03 min=16.58
11:17:39.626  I  [SurfaceView[com.example.mediswitch/com.example.mediswitch.MainActivity](BLAST)#91914](this:0xb400007877775920,id:-1,api:0,p:-1,c:1356) queueBuffer: fps=59.64 dur=1006.07 max=16.88 min=16.64
11:17:40.632  I  [SurfaceView[com.example.mediswitch/com.example.mediswitch.MainActivity](BLAST)#91914](this:0xb400007877775920,id:-1,api:0,p:-1,c:1356) queueBuffer: fps=59.64 dur=1006.07 max=17.09 min=16.46
11:17:40.888  W  ApkAssets: Deleting an ApkAssets object '<empty> and /data/app/~~ZuALmfVQ7AowzoCoLg8tGQ==/com.example.mediswitch-YTL70uLV4WqYlYBSS9jUHA==/base.apk' with 1 weak references
11:17:41.638  I  [SurfaceView[com.example.mediswitch/com.example.mediswitch.MainActivity](BLAST)#91914](this:0xb400007877775920,id:-1,api:0,p:-1,c:1356) queueBuffer: fps=59.64 dur=1006.06 max=16.90 min=16.61
11:17:42.644  I  [SurfaceView[com.example.mediswitch/com.example.mediswitch.MainActivity](BLAST)#91914](this:0xb400007877775920,id:-1,api:0,p:-1,c:1356) queueBuffer: fps=59.64 dur=1005.97 max=17.12 min=16.54
11:17:43.044  I  isTheMainScreen classname: com.example.mediswitch.MainActivity  pkg:com.example.mediswitch
11:17:43.047  D  isTheMainScreen, displayId = 0, classname = com.example.mediswitch.MainActivity
11:17:43.047  D  getTopPkgNew = com.example.mediswitch.MainActivity, com.example.mediswitch
11:17:43.049  I  isTheMainScreen classname: com.example.mediswitch.MainActivity  pkg:com.example.mediswitch
11:17:43.050  D  isTheMainScreen, displayId = 0, classname = com.example.mediswitch.MainActivity
11:17:43.050  D  getTopPkgNew = com.example.mediswitch.MainActivity, com.example.mediswitch
11:17:43.050  D  checkInBlackList inBlackList= false， pkgAndCls= com.example.mediswitch/com.example.mediswitch.MainActivity
11:17:43.055  I  isTheMainScreen classname: com.example.mediswitch.MainActivity  pkg:com.example.mediswitch
11:17:43.056  D  isTheMainScreen, displayId = 0, classname = com.example.mediswitch.MainActivity
11:17:43.056  D  getTopPkgNew = com.example.mediswitch.MainActivity, com.example.mediswitch
11:17:43.057  I  isTheMainScreen classname: com.example.mediswitch.MainActivity  pkg:com.example.mediswitch
11:17:43.059  D  isTheMainScreen, displayId = 0, classname = com.example.mediswitch.MainActivity
11:17:43.059  D  getTopPkgNew = com.example.mediswitch.MainActivity, com.example.mediswitch
11:17:43.059  D  checkInBlackList inBlackList= false， pkgAndCls= com.example.mediswitch/com.example.mediswitch.MainActivity
11:17:43.650  I  [SurfaceView[com.example.mediswitch/com.example.mediswitch.MainActivity](BLAST)#91914](this:0xb400007877775920,id:-1,api:0,p:-1,c:1356) queueBuffer: fps=59.64 dur=1006.05 max=16.99 min=16.52
11:17:44.656  I  [SurfaceView[com.example.mediswitch/com.example.mediswitch.MainActivity](BLAST)#91914](this:0xb400007877775920,id:-1,api:0,p:-1,c:1356) queueBuffer: fps=59.64 dur=1006.06 max=17.03 min=16.58
11:17:45.662  I  [SurfaceView[com.example.mediswitch/com.example.mediswitch.MainActivity](BLAST)#91914](this:0xb400007877775920,id:-1,api:0,p:-1,c:1356) queueBuffer: fps=59.64 dur=1006.01 max=17.10 min=16.54
11:17:46.668  I  [SurfaceView[com.example.mediswitch/com.example.mediswitch.MainActivity](BLAST)#91914](this:0xb400007877775920,id:-1,api:0,p:-1,c:1356) queueBuffer: fps=59.64 dur=1006.01 max=17.05 min=16.43
11:17:47.675  I  [SurfaceView[com.example.mediswitch/com.example.mediswitch.MainActivity](BLAST)#91914](this:0xb400007877775920,id:-1,api:0,p:-1,c:1356) queueBuffer: fps=59.61 dur=1006.50 max=17.32 min=16.39
11:17:48.681  I  [SurfaceView[com.example.mediswitch/com.example.mediswitch.MainActivity](BLAST)#91914](this:0xb400007877775920,id:-1,api:0,p:-1,c:1356) queueBuffer: fps=59.63 dur=1006.28 max=17.31 min=16.02
11:17:49.687  I  [SurfaceView[com.example.mediswitch/com.example.mediswitch.MainActivity](BLAST)#91914](this:0xb400007877775920,id:-1,api:0,p:-1,c:1356) queueBuffer: fps=59.67 dur=1005.54 max=17.19 min=16.14
11:17:50.693  I  [SurfaceView[com.example.mediswitch/com.example.mediswitch.MainActivity](BLAST)#91914](this:0xb400007877775920,id:-1,api:0,p:-1,c:1356) queueBuffer: fps=58.63 dur=1006.31 max=33.34 min=16.19
11:17:51.699  I  [SurfaceView[com.example.mediswitch/com.example.mediswitch.MainActivity](BLAST)#91914](this:0xb400007877775920,id:-1,api:0,p:-1,c:1356) queueBuffer: fps=59.63 dur=1006.20 max=17.27 min=16.44
11:17:52.705  I  [SurfaceView[com.example.mediswitch/com.example.mediswitch.MainActivity](BLAST)#91914](this:0xb400007877775920,id:-1,api:0,p:-1,c:1356) queueBuffer: fps=59.64 dur=1006.09 max=17.33 min=16.18
11:17:53.711  I  [SurfaceView[com.example.mediswitch/com.example.mediswitch.MainActivity](BLAST)#91914](this:0xb400007877775920,id:-1,api:0,p:-1,c:1356) queueBuffer: fps=59.67 dur=1005.56 max=17.30 min=16.34
11:17:54.717  I  [SurfaceView[com.example.mediswitch/com.example.mediswitch.MainActivity](BLAST)#91914](this:0xb400007877775920,id:-1,api:0,p:-1,c:1356) queueBuffer: fps=59.62 dur=1006.40 max=17.47 min=16.14
11:17:55.723  I  [SurfaceView[com.example.mediswitch/com.example.mediswitch.MainActivity](BLAST)#91914](this:0xb400007877775920,id:-1,api:0,p:-1,c:1356) queueBuffer: fps=59.65 dur=1005.93 max=17.43 min=16.24
11:17:56.729  I  [SurfaceView[com.example.mediswitch/com.example.mediswitch.MainActivity](BLAST)#91914](this:0xb400007877775920,id:-1,api:0,p:-1,c:1356) queueBuffer: fps=58.64 dur=1006.06 max=33.71 min=16.30
11:17:57.735  I  [SurfaceView[com.example.mediswitch/com.example.mediswitch.MainActivity](BLAST)#91914](this:0xb400007877775920,id:-1,api:0,p:-1,c:1356) queueBuffer: fps=59.64 dur=1006.08 max=17.36 min=15.87
11:17:58.742  I  [SurfaceView[com.example.mediswitch/com.example.mediswitch.MainActivity](BLAST)#91914](this:0xb400007877775920,id:-1,api:0,p:-1,c:1356) queueBuffer: fps=59.62 dur=1006.32 max=17.29 min=16.13
11:17:59.748  I  [SurfaceView[com.example.mediswitch/com.example.mediswitch.MainActivity](BLAST)#91914](this:0xb400007877775920,id:-1,api:0,p:-1,c:1356) queueBuffer: fps=59.64 dur=1006.06 max=17.21 min=16.39
11:18:00.753  I  [SurfaceView[com.example.mediswitch/com.example.mediswitch.MainActivity](BLAST)#91914](this:0xb400007877775920,id:-1,api:0,p:-1,c:1356) queueBuffer: fps=59.70 dur=1005.06 max=17.63 min=16.18
11:18:01.759  I  [SurfaceView[com.example.mediswitch/com.example.mediswitch.MainActivity](BLAST)#91914](this:0xb400007877775920,id:-1,api:0,p:-1,c:1356) queueBuffer: fps=59.60 dur=1006.71 max=17.28 min=16.13
11:18:02.765  I  [SurfaceView[com.example.mediswitch/com.example.mediswitch.MainActivity](BLAST)#91914](this:0xb400007877775920,id:-1,api:0,p:-1,c:1356) queueBuffer: fps=59.66 dur=1005.76 max=17.28 min=15.87
11:18:03.771  I  [SurfaceView[com.example.mediswitch/com.example.mediswitch.MainActivity](BLAST)#91914](this:0xb400007877775920,id:-1,api:0,p:-1,c:1356) queueBuffer: fps=59.64 dur=1006.08 max=17.61 min=15.96
11:18:04.777  I  [SurfaceView[com.example.mediswitch/com.example.mediswitch.MainActivity](BLAST)#91914](this:0xb400007877775920,id:-1,api:0,p:-1,c:1356) queueBuffer: fps=59.64 dur=1006.07 max=17.18 min=16.41
11:18:05.783  I  [SurfaceView[com.example.mediswitch/com.example.mediswitch.MainActivity](BLAST)#91914](this:0xb400007877775920,id:-1,api:0,p:-1,c:1356) queueBuffer: fps=59.64 dur=1006.02 max=17.43 min=16.27
11:18:06.673  D  [CheckAppFlingHint] 25 com.example.mediswitch 60
11:18:06.763  I  com.example.mediswitch:ffb993ed: onRequestHide at ORIGIN_SERVER_HIDE_INPUT reason HIDE_SOFT_INPUT_BY_BACK_KEY
11:18:06.766  W  Tracking association SourceState{7f867c8 com.example.mediswitch/10508 BTop #1524758} whose proc state 2 is better than process ProcessState{e0e3915 com.google.android.gms/10105 pkg=com.google.android.gms} proc state 8 (6 skipped)
11:18:06.772  I  DisplayContent w: Window{a63d178 u0 com.example.mediswitch/com.example.mediswitch.MainActivity} Apply preferredModeId = 3
11:18:06.787  D  updateSystemBarAttributes appearance:0, win appearance:0, opaqueAppearance:0, win:Window{a63d178 u0 com.example.mediswitch/com.example.mediswitch.MainActivity}, appearanceRegions=[AppearanceRegion{ bounds=[0,0][1080,2460]}]
11:18:06.790  I  DisplayContent w: Window{a63d178 u0 com.example.mediswitch/com.example.mediswitch.MainActivity} Apply preferredModeId = 3
11:18:06.792  I  [SurfaceView[com.example.mediswitch/com.example.mediswitch.MainActivity](BLAST)#91914](this:0xb400007877775920,id:-1,api:0,p:-1,c:1356) queueBuffer: fps=59.49 dur=1008.55 max=18.73 min=16.28
11:18:06.797  I  DisplayContent w: Window{a63d178 u0 com.example.mediswitch/com.example.mediswitch.MainActivity} Apply preferredModeId = 3
11:18:06.801  I  DisplayContent w: Window{a63d178 u0 com.example.mediswitch/com.example.mediswitch.MainActivity} Apply preferredModeId = 3
11:18:06.806  I  [com.example.mediswitch/com.example.mediswitch.MainActivity#91909](this:0xb400007877580620,id:-1,api:0,p:-1,c:1356) queueBuffer: fps=0.46 dur=39537.21 max=39252.23 min=16.65
11:18:06.817  I  DisplayContent w: Window{a63d178 u0 com.example.mediswitch/com.example.mediswitch.MainActivity} Apply preferredModeId = 3
11:18:06.821  D  Window{a63d178 u0 com.example.mediswitch/com.example.mediswitch.MainActivity}: Setting back callback OnBackInvokedCallbackInfo{mCallback=android.window.IOnBackInvokedCallback$Stub$Proxy@8103874, mPriority=0, mIsAnimationCallback=false}
11:18:06.827  I  DisplayContent w: Window{a63d178 u0 com.example.mediswitch/com.example.mediswitch.MainActivity} Apply preferredModeId = 3
11:18:06.830  I  DisplayContent w: Window{a63d178 u0 com.example.mediswitch/com.example.mediswitch.MainActivity} Apply preferredModeId = 3
11:18:07.105  I  com.example.mediswitch:a7e1916d: onRequestHide at ORIGIN_CLIENT_HIDE_SOFT_INPUT reason HIDE_SOFT_INPUT_BY_INSETS_API
11:18:07.106  I  com.example.mediswitch:a7e1916d: onCancelled at PHASE_SERVER_SHOULD_HIDE
11:18:07.106  I  com.example.mediswitch:ffb993ed: onHidden
11:18:07.643  I  DisplayContent w: Window{a63d178 u0 com.example.mediswitch/com.example.mediswitch.MainActivity} Apply preferredModeId = 3
11:18:07.658  I  DisplayContent w: Window{a63d178 u0 com.example.mediswitch/com.example.mediswitch.MainActivity} Apply preferredModeId = 3
11:18:07.795  I  [SurfaceView[com.example.mediswitch/com.example.mediswitch.MainActivity](BLAST)#91914](this:0xb400007877775920,id:-1,api:0,p:-1,c:1356) queueBuffer: fps=56.81 dur=1003.36 max=50.60 min=15.32
11:18:08.353  D  [CheckAppFlingHint] 25 com.example.mediswitch 60
11:18:08.802  I  [SurfaceView[com.example.mediswitch/com.example.mediswitch.MainActivity](BLAST)#91914](this:0xb400007877775920,id:-1,api:0,p:-1,c:1356) queueBuffer: fps=59.62 dur=1006.40 max=17.26 min=16.44
11:18:09.808  I  [SurfaceView[com.example.mediswitch/com.example.mediswitch.MainActivity](BLAST)#91914](this:0xb400007877775920,id:-1,api:0,p:-1,c:1356) queueBuffer: fps=59.65 dur=1005.89 max=17.39 min=16.15
11:18:10.650  D  [CheckAppFlingHint] 25 com.example.mediswitch 60
11:18:10.757  I  com.example.mediswitch:fb6a5043: onRequestShow at ORIGIN_CLIENT_SHOW_SOFT_INPUT reason SHOW_SOFT_INPUT
11:18:10.767  I  DisplayContent w: Window{a63d178 u0 com.example.mediswitch/com.example.mediswitch.MainActivity} Apply preferredModeId = 3
11:18:10.773  I  DisplayContent w: Window{a63d178 u0 com.example.mediswitch/com.example.mediswitch.MainActivity} Apply preferredModeId = 3
11:18:10.787  I  DisplayContent w: Window{a63d178 u0 com.example.mediswitch/com.example.mediswitch.MainActivity} Apply preferredModeId = 3
11:18:10.789  D  Window{a63d178 u0 com.example.mediswitch/com.example.mediswitch.MainActivity}: Setting back callback OnBackInvokedCallbackInfo{mCallback=android.window.IOnBackInvokedCallback$Stub$Proxy@78b1859, mPriority=0, mIsAnimationCallback=false}
11:18:10.792  I  DisplayContent w: Window{a63d178 u0 com.example.mediswitch/com.example.mediswitch.MainActivity} Apply preferredModeId = 3
11:18:10.803  I  DisplayContent w: Window{a63d178 u0 com.example.mediswitch/com.example.mediswitch.MainActivity} Apply preferredModeId = 3
11:18:10.813  I  [SurfaceView[com.example.mediswitch/com.example.mediswitch.MainActivity](BLAST)#91914](this:0xb400007877775920,id:-1,api:0,p:-1,c:1356) queueBuffer: fps=59.67 dur=1005.45 max=17.59 min=15.68
11:18:10.844  I  DisplayContent w: Window{a63d178 u0 com.example.mediswitch/com.example.mediswitch.MainActivity} Apply preferredModeId = 3
11:18:10.855  D  updateSystemBarAttributes appearance:0, win appearance:0, opaqueAppearance:0, win:Window{a63d178 u0 com.example.mediswitch/com.example.mediswitch.MainActivity}, appearanceRegions=[AppearanceRegion{ bounds=[0,0][1080,2460]}]
11:18:10.859  I  DisplayContent w: Window{a63d178 u0 com.example.mediswitch/com.example.mediswitch.MainActivity} Apply preferredModeId = 3
11:18:10.868  I  DisplayContent w: Window{a63d178 u0 com.example.mediswitch/com.example.mediswitch.MainActivity} Apply preferredModeId = 3
11:18:10.874  I  DisplayContent w: Window{a63d178 u0 com.example.mediswitch/com.example.mediswitch.MainActivity} Apply preferredModeId = 3
11:18:10.881  I  [com.example.mediswitch/com.example.mediswitch.MainActivity#91909](this:0xb400007877580620,id:-1,api:0,p:-1,c:1356) queueBuffer: fps=4.91 dur=4074.63 max=3756.35 min=15.99
11:18:11.181  I  com.example.mediswitch:fb6a5043: onShown
11:18:11.819  I  [SurfaceView[com.example.mediswitch/com.example.mediswitch.MainActivity](BLAST)#91914](this:0xb400007877775920,id:-1,api:0,p:-1,c:1356) queueBuffer: fps=57.66 dur=1005.92 max=33.61 min=15.20
11:18:12.322  D  [CheckAppFlingHint] 25 com.example.mediswitch 60
11:18:12.826  I  [SurfaceView[com.example.mediswitch/com.example.mediswitch.MainActivity](BLAST)#91914](this:0xb400007877775920,id:-1,api:0,p:-1,c:1356) queueBuffer: fps=59.61 dur=1006.62 max=23.36 min=10.40
11:18:12.868  D  [CheckAppFlingHint] 25 com.example.mediswitch 60
11:18:13.522  D  [CheckAppFlingHint] 25 com.example.mediswitch 60
11:18:13.832  I  [SurfaceView[com.example.mediswitch/com.example.mediswitch.MainActivity](BLAST)#91914](this:0xb400007877775920,id:-1,api:0,p:-1,c:1356) queueBuffer: fps=59.63 dur=1006.16 max=17.36 min=16.29
11:18:14.838  I  [SurfaceView[com.example.mediswitch/com.example.mediswitch.MainActivity](BLAST)#91914](this:0xb400007877775920,id:-1,api:0,p:-1,c:1356) queueBuffer: fps=58.65 dur=1006.02 max=33.87 min=16.35
11:18:14.846  D  [CheckAppFlingHint] 25 com.example.mediswitch 60
11:18:15.391  D  [CheckAppFlingHint] 25 com.example.mediswitch 60
11:18:15.844  I  [SurfaceView[com.example.mediswitch/com.example.mediswitch.MainActivity](BLAST)#91914](this:0xb400007877775920,id:-1,api:0,p:-1,c:1356) queueBuffer: fps=59.64 dur=1005.99 max=17.55 min=16.15
11:18:15.902  D  [CheckAppFlingHint] 25 com.example.mediswitch 60
11:18:16.544  D  [CheckAppFlingHint] 25 com.example.mediswitch 60
11:18:16.850  I  [SurfaceView[com.example.mediswitch/com.example.mediswitch.MainActivity](BLAST)#91914](this:0xb400007877775920,id:-1,api:0,p:-1,c:1356) queueBuffer: fps=59.65 dur=1005.92 max=17.64 min=15.55
11:18:17.827  D  [CheckAppFlingHint] 25 com.example.mediswitch 60
11:18:17.856  I  [SurfaceView[com.example.mediswitch/com.example.mediswitch.MainActivity](BLAST)#91914](this:0xb400007877775920,id:-1,api:0,p:-1,c:1356) queueBuffer: fps=59.61 dur=1006.47 max=17.25 min=16.10
11:18:17.932  I  com.example.mediswitch:f861a31f: onRequestHide at ORIGIN_CLIENT_HIDE_SOFT_INPUT reason HIDE_SOFT_INPUT
11:18:17.938  I  DisplayContent w: Window{a63d178 u0 com.example.mediswitch/com.example.mediswitch.MainActivity} Apply preferredModeId = 3
11:18:17.951  D  updateSystemBarAttributes appearance:0, win appearance:0, opaqueAppearance:0, win:Window{a63d178 u0 com.example.mediswitch/com.example.mediswitch.MainActivity}, appearanceRegions=[AppearanceRegion{ bounds=[0,0][1080,2460]}]
11:18:17.951  D  Window{a63d178 u0 com.example.mediswitch/com.example.mediswitch.MainActivity}: Setting back callback OnBackInvokedCallbackInfo{mCallback=android.window.IOnBackInvokedCallback$Stub$Proxy@2c06efc, mPriority=0, mIsAnimationCallback=false}
11:18:17.954  I  DisplayContent w: Window{a63d178 u0 com.example.mediswitch/com.example.mediswitch.MainActivity} Apply preferredModeId = 3
11:18:17.963  I  DisplayContent w: Window{a63d178 u0 com.example.mediswitch/com.example.mediswitch.MainActivity} Apply preferredModeId = 3
11:18:17.970  I  DisplayContent w: Window{a63d178 u0 com.example.mediswitch/com.example.mediswitch.MainActivity} Apply preferredModeId = 3
11:18:17.973  I  [com.example.mediswitch/com.example.mediswitch.MainActivity#91909](this:0xb400007877580620,id:-1,api:0,p:-1,c:1356) queueBuffer: fps=2.54 dur=7092.01 max=6723.64 min=16.07
11:18:17.976  I  DisplayContent w: Window{a63d178 u0 com.example.mediswitch/com.example.mediswitch.MainActivity} Apply preferredModeId = 3
11:18:17.982  I  DisplayContent w: Window{a63d178 u0 com.example.mediswitch/com.example.mediswitch.MainActivity} Apply preferredModeId = 3
11:18:18.257  I  com.example.mediswitch:281f6cb3: onRequestHide at ORIGIN_CLIENT_HIDE_SOFT_INPUT reason HIDE_SOFT_INPUT_BY_INSETS_API
11:18:18.259  I  com.example.mediswitch:281f6cb3: onCancelled at PHASE_SERVER_SHOULD_HIDE
11:18:18.262  I  com.example.mediswitch:f861a31f: onHidden
11:18:18.792  I  DisplayContent w: Window{a63d178 u0 com.example.mediswitch/com.example.mediswitch.MainActivity} Apply preferredModeId = 3
11:18:18.811  I  DisplayContent w: Window{a63d178 u0 com.example.mediswitch/com.example.mediswitch.MainActivity} Apply preferredModeId = 3
11:18:18.861  I  [SurfaceView[com.example.mediswitch/com.example.mediswitch.MainActivity](BLAST)#91914](this:0xb400007877775920,id:-1,api:0,p:-1,c:1356) queueBuffer: fps=54.71 dur=1005.39 max=34.65 min=14.82
11:18:19.868  I  [SurfaceView[com.example.mediswitch/com.example.mediswitch.MainActivity](BLAST)#91914](this:0xb400007877775920,id:-1,api:0,p:-1,c:1356) queueBuffer: fps=59.64 dur=1006.10 max=18.07 min=15.96
11:18:20.874  I  [SurfaceView[com.example.mediswitch/com.example.mediswitch.MainActivity](BLAST)#91914](this:0xb400007877775920,id:-1,api:0,p:-1,c:1356) queueBuffer: fps=59.61 dur=1006.62 max=17.78 min=16.06
11:18:21.880  I  [SurfaceView[com.example.mediswitch/com.example.mediswitch.MainActivity](BLAST)#91914](this:0xb400007877775920,id:-1,api:0,p:-1,c:1356) queueBuffer: fps=59.65 dur=1005.80 max=17.07 min=16.27
11:18:22.886  I  [SurfaceView[com.example.mediswitch/com.example.mediswitch.MainActivity](BLAST)#91914](this:0xb400007877775920,id:-1,api:0,p:-1,c:1356) queueBuffer: fps=59.65 dur=1005.90 max=17.26 min=15.90
11:18:22.930  I  DisplayContent w: Window{a63d178 u0 com.example.mediswitch/com.example.mediswitch.MainActivity} Apply preferredModeId = 3
11:18:23.892  I  [SurfaceView[com.example.mediswitch/com.example.mediswitch.MainActivity](BLAST)#91914](this:0xb400007877775920,id:-1,api:0,p:-1,c:1356) queueBuffer: fps=59.64 dur=1006.01 max=17.31 min=16.34
11:18:24.898  I  [SurfaceView[com.example.mediswitch/com.example.mediswitch.MainActivity](BLAST)#91914](this:0xb400007877775920,id:-1,api:0,p:-1,c:1356) queueBuffer: fps=59.62 dur=1006.38 max=17.31 min=16.13
11:18:25.365  D  [CheckAppFlingHint] 25 com.example.mediswitch 60
11:18:25.370  I  DisplayContent w: Window{a63d178 u0 com.example.mediswitch/com.example.mediswitch.MainActivity} Apply preferredModeId = 3
11:18:25.439  I  package: com.example.mediswitch mNeedShowSafeInput: false inputType: 32769 methodMap: true isKeyguardShowing: false enable: 1 isSplitScreen: false
11:18:25.442  I  com.example.mediswitch:e57b4df6: onRequestShow at ORIGIN_CLIENT_SHOW_SOFT_INPUT reason SHOW_SOFT_INPUT
11:18:25.448  I  DisplayContent w: Window{a63d178 u0 com.example.mediswitch/com.example.mediswitch.MainActivity} Apply preferredModeId = 3
11:18:25.469  I  DisplayContent w: Window{a63d178 u0 com.example.mediswitch/com.example.mediswitch.MainActivity} Apply preferredModeId = 3
11:18:25.478  I  DisplayContent w: Window{a63d178 u0 com.example.mediswitch/com.example.mediswitch.MainActivity} Apply preferredModeId = 3
11:18:25.482  D  Window{a63d178 u0 com.example.mediswitch/com.example.mediswitch.MainActivity}: Setting back callback OnBackInvokedCallbackInfo{mCallback=android.window.IOnBackInvokedCallback$Stub$Proxy@5947d43, mPriority=0, mIsAnimationCallback=false}
11:18:25.491  I  DisplayContent w: Window{a63d178 u0 com.example.mediswitch/com.example.mediswitch.MainActivity} Apply preferredModeId = 3
11:18:25.543  I  DisplayContent w: Window{a63d178 u0 com.example.mediswitch/com.example.mediswitch.MainActivity} Apply preferredModeId = 3
11:18:25.554  D  updateSystemBarAttributes appearance:0, win appearance:0, opaqueAppearance:0, win:Window{a63d178 u0 com.example.mediswitch/com.example.mediswitch.MainActivity}, appearanceRegions=[AppearanceRegion{ bounds=[0,0][1080,2460]}]
11:18:25.560  I  DisplayContent w: Window{a63d178 u0 com.example.mediswitch/com.example.mediswitch.MainActivity} Apply preferredModeId = 3
11:18:25.567  I  DisplayContent w: Window{a63d178 u0 com.example.mediswitch/com.example.mediswitch.MainActivity} Apply preferredModeId = 3
11:18:25.573  I  DisplayContent w: Window{a63d178 u0 com.example.mediswitch/com.example.mediswitch.MainActivity} Apply preferredModeId = 3
11:18:25.585  I  [com.example.mediswitch/com.example.mediswitch.MainActivity#91909](this:0xb400007877580620,id:-1,api:0,p:-1,c:1356) queueBuffer: fps=2.50 dur=7612.65 max=7294.07 min=16.20
11:18:25.870  I  com.example.mediswitch:e57b4df6: onShown
11:18:25.903  I  [SurfaceView[com.example.mediswitch/com.example.mediswitch.MainActivity](BLAST)#91914](this:0xb400007877775920,id:-1,api:0,p:-1,c:1356) queueBuffer: fps=51.74 dur=1005.07 max=34.22 min=14.76
11:18:26.910  I  [SurfaceView[com.example.mediswitch/com.example.mediswitch.MainActivity](BLAST)#91914](this:0xb400007877775920,id:-1,api:0,p:-1,c:1356) queueBuffer: fps=59.61 dur=1006.51 max=17.22 min=16.40
11:18:27.015  D  [CheckAppFlingHint] 25 com.example.mediswitch 60
11:18:27.114  I  com.example.mediswitch:2d78e20d: onRequestHide at ORIGIN_CLIENT_HIDE_SOFT_INPUT reason HIDE_SOFT_INPUT
11:18:27.119  I  DisplayContent w: Window{a63d178 u0 com.example.mediswitch/com.example.mediswitch.MainActivity} Apply preferredModeId = 3
11:18:27.131  D  updateSystemBarAttributes appearance:0, win appearance:0, opaqueAppearance:0, win:Window{a63d178 u0 com.example.mediswitch/com.example.mediswitch.MainActivity}, appearanceRegions=[AppearanceRegion{ bounds=[0,0][1080,2460]}]
11:18:27.133  I  DisplayContent w: Window{a63d178 u0 com.example.mediswitch/com.example.mediswitch.MainActivity} Apply preferredModeId = 3
11:18:27.139  I  DisplayContent w: Window{a63d178 u0 com.example.mediswitch/com.example.mediswitch.MainActivity} Apply preferredModeId = 3
11:18:27.141  D  Window{a63d178 u0 com.example.mediswitch/com.example.mediswitch.MainActivity}: Setting back callback OnBackInvokedCallbackInfo{mCallback=android.window.IOnBackInvokedCallback$Stub$Proxy@f0f8e4a, mPriority=0, mIsAnimationCallback=false}
11:18:27.150  I  DisplayContent w: Window{a63d178 u0 com.example.mediswitch/com.example.mediswitch.MainActivity} Apply preferredModeId = 3
11:18:27.158  I  DisplayContent w: Window{a63d178 u0 com.example.mediswitch/com.example.mediswitch.MainActivity} Apply preferredModeId = 3
11:18:27.161  I  [com.example.mediswitch/com.example.mediswitch.MainActivity#91909](this:0xb400007877580620,id:-1,api:0,p:-1,c:1356) queueBuffer: fps=12.06 dur=1575.88 max=1240.74 min=15.65
11:18:27.165  I  DisplayContent w: Window{a63d178 u0 com.example.mediswitch/com.example.mediswitch.MainActivity} Apply preferredModeId = 3
11:18:27.444  I  com.example.mediswitch:6bd4ae61: onRequestHide at ORIGIN_CLIENT_HIDE_SOFT_INPUT reason HIDE_SOFT_INPUT_BY_INSETS_API
11:18:27.445  I  com.example.mediswitch:6bd4ae61: onCancelled at PHASE_SERVER_SHOULD_HIDE
11:18:27.446  I  com.example.mediswitch:2d78e20d: onHidden
11:18:27.916  I  [SurfaceView[com.example.mediswitch/com.example.mediswitch.MainActivity](BLAST)#91914](this:0xb400007877775920,id:-1,api:0,p:-1,c:1356) queueBuffer: fps=57.64 dur=1006.20 max=33.65 min=10.07
11:18:27.981  I  DisplayContent w: Window{a63d178 u0 com.example.mediswitch/com.example.mediswitch.MainActivity} Apply preferredModeId = 3
11:18:27.992  I  DisplayContent w: Window{a63d178 u0 com.example.mediswitch/com.example.mediswitch.MainActivity} Apply preferredModeId = 3
11:18:28.922  I  [SurfaceView[com.example.mediswitch/com.example.mediswitch.MainActivity](BLAST)#91914](this:0xb400007877775920,id:-1,api:0,p:-1,c:1356) queueBuffer: fps=59.64 dur=1006.00 max=17.51 min=16.11
11:18:29.010  W  Tracking association SourceState{7f867c8 com.example.mediswitch/10508 BTop #1524794} whose proc state 2 is better than process ProcessState{e0e3915 com.google.android.gms/10105 pkg=com.google.android.gms} proc state 8 (11 skipped)
11:18:29.928  I  [SurfaceView[com.example.mediswitch/com.example.mediswitch.MainActivity](BLAST)#91914](this:0xb400007877775920,id:-1,api:0,p:-1,c:1356) queueBuffer: fps=59.64 dur=1006.11 max=17.07 min=16.44
11:18:30.934  I  [SurfaceView[com.example.mediswitch/com.example.mediswitch.MainActivity](BLAST)#91914](this:0xb400007877775920,id:-1,api:0,p:-1,c:1356) queueBuffer: fps=59.68 dur=1005.43 max=17.10 min=16.31
11:18:31.697  D  [CheckAppFlingHint] 25 com.example.mediswitch 60
11:18:31.756  D  [CheckAppFlingHint] 45 com.example.mediswitch 60
11:18:31.764  I  Channel [Gesture Monitor] swipe-up (server) is stealing touch from [a63d178 com.example.mediswitch/com.example.mediswitch.MainActivity (server), [Gesture Monitor] edge-swipe-sp (server), [Gesture Monitor] dc-screen-touch (server), [Gesture Monitor] edge-swipe (server), [Gesture Monitor] tran_gesture_service_damon (server), [Gesture Monitor] tran_gesture_service (server)]
11:18:31.781  D  [CheckAppFlingHint] 11 com.example.mediswitch 60
11:18:31.781  D  [CheckAppFlingHint] 101 com.example.mediswitch 60
11:18:31.786  D  improveProcAdj: ProcessRecord{c903c3a 9305:com.example.mediswitch/u0a508}
11:18:31.791  D   AppSwitchListener from com.example.mediswitch to com.transsion.XOSLauncher
11:18:31.791  D   AppSwitchListener from com.example.mediswitch to com.transsion.XOSLauncher
11:18:31.797  I  DisplayContent w: Window{a63d178 u0 com.example.mediswitch/com.example.mediswitch.MainActivity} Apply preferredModeId = 3
11:18:31.800  I  amsBoostNotify pid:2611,activity:com.android.quickstep.src.com.android.launcher3.uioverrides.QuickstepLauncher, package:com.transsion.XOSLauncher, mProcessCreatePackcom.example.mediswitch 
11:18:31.801  D  [CheckAppFlingHint] 22 com.example.mediswitch 60
11:18:31.808  I  [notifyAppState] pc:0, com.example.mediswitch => com.transsion.XOSLauncher
11:18:31.812  I  isTheMainScreen classname: com.example.mediswitch.MainActivity  pkg:com.example.mediswitch
11:18:31.816  D  isTheMainScreen, displayId = 0, classname = com.example.mediswitch.MainActivity
11:18:31.816  D  getTopPkgNew = com.example.mediswitch.MainActivity, com.example.mediswitch
11:18:31.828  I  isTheMainScreen classname: com.example.mediswitch.MainActivity  pkg:com.example.mediswitch
11:18:31.831  D  isTheMainScreen, displayId = 0, classname = com.example.mediswitch.MainActivity
11:18:31.832  I  blurEffect = false  packageName = com.example.mediswitch
11:18:31.836  D  getTopPkgNew = com.example.mediswitch.MainActivity, com.example.mediswitch
11:18:31.836  D  checkInBlackList inBlackList= false， pkgAndCls= com.example.mediswitch/com.example.mediswitch.MainActivity
11:18:31.841  I  AppSorter:updateRecentAppList: {com.instagram.android=-972, com.vivaldi.browser=-995, com.transsion.camera=-983, com.google.android.googlequicksearchbox=-989, com.chrome.canary=-987, org.telegram.messenger=-994, com.Slack=-1000, com.whatsapp=-988, com.google.android.apps.docs.editors.docs=-978, com.sh.smart.caller=-984, com.fawry.myfawry=-976, com.nordpass.android.app.password.manager=-975, com.github.android=-999, com.android.chrome=-998, com.google.android.apps.photos=-981, com.example.mediswitch=-996, com.binance.dev=-993, com.gallery20=-982, com.google.android.gm=-991, com.anthropic.claude=-992, com.transsion.filemanagerx=-997, com.openai.chatgpt=-986, app.revanced.android.youtube=-985, com.google.android.apps.docs=-977, com.deepseek.chat=-990, com.google.android.apps.authenticator2=-973, co.grey.mobile.android=-979, com.mobisystems.office=-980, paymob.cib.smartwallet=-974}
11:18:31.844  I  onAppForegroundEvent get com.example.mediswitch, false
11:18:31.852  D  tryCreateDynamicDrawableByTheme: isSupportByTheme = false   pkg = com.example.mediswitch
11:18:31.880  I  isTheMainScreen classname: com.example.mediswitch.MainActivity  pkg:com.example.mediswitch
11:18:31.890  D  isTheMainScreen, displayId = 0, classname = com.example.mediswitch.MainActivity
11:18:31.890  D  getTopPkgNew = com.example.mediswitch.MainActivity, com.example.mediswitch
11:18:31.886  I  SystemEventSubscribe: onPublishData {"type":"app_foreground","time":1744881511863,"data":"{\"isForeground\":false,\"packageName\":\"com.example.mediswitch\"}","provider":"dc","dc_version":2030300000,"data_version":1,"user_id":0}
11:18:31.892  I  SystemEventSubscribeheh:SimpleEventBus post event AppForegroundEvent{mPackageName='com.example.mediswitch', mIsForeground=false} 1744881511863
11:18:31.894  I  SceneIdentify:onBusEvent AppForegroundEvent   com.example.mediswitch, false, d03
11:18:31.894  I  SceneIdentify:checkGameOut  com.example.mediswitch, 
11:18:31.894  I  SceneIdentify:checkSocialOut  com.example.mediswitch, 
11:18:31.894  I  AppPredictManager:onBusEvent com.example.mediswitch false
11:18:31.894  I  isTheMainScreen classname: com.example.mediswitch.MainActivity  pkg:com.example.mediswitch
11:18:31.895  I  AppPredictManager:onPackageChanged AppForegroundEvent com.example.mediswitch false currentTime 2025-04-17 11:18:31
11:18:31.897  D  onPublishDataapp_foreground, {"type":"app_foreground","time":1744881511863,"data":"{\"isForeground\":false,\"packageName\":\"com.example.mediswitch\"}","provider":"dc","dc_version":2030300000,"data_version":1,"user_id":0}
11:18:31.900  I  DisplayContent w: Window{a63d178 u0 com.example.mediswitch/com.example.mediswitch.MainActivity} Apply preferredModeId = 3
11:18:31.908  I  blurEffect = false  packageName = com.example.mediswitch
11:18:31.913  D  isTheMainScreen, displayId = 0, classname = com.example.mediswitch.MainActivity
11:18:31.914  I  blurEffect = false  packageName = com.example.mediswitch
11:18:31.915  D  getTopPkgNew = com.example.mediswitch.MainActivity, com.example.mediswitch
11:18:31.919  I  DisplayContent w: Window{a63d178 u0 com.example.mediswitch/com.example.mediswitch.MainActivity} Apply preferredModeId = 3
11:18:31.929  I  DisplayContent w: Window{a63d178 u0 com.example.mediswitch/com.example.mediswitch.MainActivity} Apply preferredModeId = 3
11:18:31.940  I  [SurfaceView[com.example.mediswitch/com.example.mediswitch.MainActivity](BLAST)#91914](this:0xb400007877775920,id:-1,api:0,p:-1,c:1356) queueBuffer: fps=59.64 dur=1006.06 max=17.50 min=16.00
11:18:31.942  D  onTransitionReady TransitionRecord{ea33be6 id=5404 type=TO_FRONT flags=0x80} {id=5404 t=TO_FRONT f=0x80 trk=0 r=[0@Point(0, 0)] c=[{WCT{RemoteToken{9e6e13 Task{f90e95 #1 type=home}}} m=TO_FRONT f=SHOW_WALLPAPER|MOVE_TO_TOP leash=Surface(name=Task=1)/@0xb75d53 sb=Rect(0, 0 - 1080, 2460) eb=Rect(0, 0 - 1080, 2460) d=0},{WCT{RemoteToken{1e5e6ca Task{48c15e6 #12451 type=standard I=com.example.mediswitch/.MainActivity}}} m=TO_BACK f=NONE leash=Surface(name=Task=12451)/@0x9519e2f sb=Rect(0, 0 - 1080, 2460) eb=Rect(0, 0 - 1080, 2460) d=0},{null m=TO_FRONT f=IS_WALLPAPER leash=Surface(name=WallpaperWindowToken{3ff2be token=android.os.Binder@8d4d579})/@0x2cb81e4 sb=Rect(0, 0 - 1080, 2460) eb=Rect(0, 0 - 1080, 2460) d=0}]}
11:18:31.994  V      info={id=5404 t=TO_FRONT f=0x80 trk=0 r=[0@Point(0, 0)] c=[{WCT{RemoteToken{9e6e13 Task{f90e95 #1 type=home}}} m=TO_FRONT f=SHOW_WALLPAPER|MOVE_TO_TOP leash=Surface(name=Task=1)/@0xb75d53 sb=Rect(0, 0 - 1080, 2460) eb=Rect(0, 0 - 1080, 2460) d=0},{WCT{RemoteToken{1e5e6ca Task{48c15e6 #12451 type=standard I=com.example.mediswitch/.MainActivity}}} m=TO_BACK f=NONE leash=Surface(name=Task=12451)/@0x9519e2f sb=Rect(0, 0 - 1080, 2460) eb=Rect(0, 0 - 1080, 2460) d=0},{null m=TO_FRONT f=IS_WALLPAPER leash=Surface(name=WallpaperWindowToken{3ff2be token=android.os.Binder@8d4d579})/@0x2cb81e4 sb=Rect(0, 0 - 1080, 2460) eb=Rect(0, 0 - 1080, 2460) d=0}]}
11:18:31.996  D  onUpdateFocusedApp oldPackageName:com.example.mediswitch oldComponent:ComponentInfo{com.example.mediswitch/com.example.mediswitch.MainActivity} newPackageName:com.transsion.XOSLauncher newComponent:ComponentInfo{com.transsion.XOSLauncher/com.android.quickstep.src.com.android.launcher3.uioverrides.QuickstepLauncher} mFm :android.hardware.fingerprint.FingerprintManager@28c12bd
11:18:31.999  W  Changing focus from Window{a63d178 u0 com.example.mediswitch/com.example.mediswitch.MainActivity} to Window{5687816 u0 com.transsion.XOSLauncher/com.android.quickstep.src.com.android.launcher3.uioverrides.QuickstepLauncher} displayId=0 Callers=com.android.server.wm.RootWindowContainer.updateFocusedWindowLocked:508 com.android.server.wm.WindowManagerService.updateFocusedWindowLocked:6488 com.android.server.wm.ActivityTaskManagerService.setLastResumedActivityUncheckLocked:5394 com.android.server.wm.ActivityTaskManagerService.setFocusedTask:2284 
11:18:32.005  D   activityInfo = ActivityInfo{9b05363 com.example.mediswitch.MainActivity}
11:18:32.035  I  isTheMainScreen classname: com.example.mediswitch.MainActivity  pkg:com.example.mediswitch
11:18:32.037  D  isTheMainScreen, displayId = 0, classname = com.example.mediswitch.MainActivity
11:18:32.039  D  getTopPkgNew = com.example.mediswitch.MainActivity, com.example.mediswitch
11:18:32.050  D  onWindowsDrawnCheck: , SmartEvent(action=on_windows_drawn, topClassName=com.android.quickstep.src.com.android.launcher3.uioverrides.QuickstepLauncher, topPackageName=com.transsion.XOSLauncher, extras=null), {com.example.mediswitch/com.example.mediswitch.MainActivity/0/com.example.mediswitch.MainActivity}
11:18:32.068  D  Check pass: {com.transsion.XOSLauncher/com.android.quickstep.src.com.android.launcher3.uioverrides.QuickstepLauncher/0/com.example.mediswitch.MainActivity}
11:18:32.116  D  handlerTurboStart isResume = true  currentPackage = com.example.mediswitch  pkgName = com.transsion.XOSLauncher  className = com.android.quickstep.src.com.android.launcher3.uioverrides.QuickstepLauncher
11:18:32.336  I  AIEngineUtils:saveAdvanceData, success true resultCode 0 type alg_predict_query_record data {"appusageDuration":[77196,41192,26398,1089,3433],"appusageName":["com.example.mediswitch","com.example.mediswitch","com.android.chrome","com.github.android","com.Slack"],"cstaticDataUsedDayDelta":0,"dhour":11,"inhour1Top60":"{\"com.transsion.filemanagerx\":5,\"com.android.chrome\":5,\"com.Slack\":4,\"com.example.mediswitch\":4,\"com.github.android\":4,\"com.vivaldi.browser\":3,\"app.revanced.android.youtube\":1}","inhour3Top60":"{\"com.transsion.filemanagerx\":17,\"com.android.chrome\":15,\"com.example.mediswitch\":9,\"com.github.android\":8,\"com.Slack\":7,\"com.truecaller\":5,\"app.revanced.android.youtube\":4}","inhour5Top60":"{\"com.transsion.filemanagerx\":17,\"com.android.chrome\":15,\"com.example.mediswitch\":9,\"com.github.android\":8,\"com.Slack\":7,\"com.truecaller\":5,\"app.revanced.android.youtube\":4}","isSatAndSun":0,"predictId":1447582237,"timeDifference":[0,147571,23602,2439,1],"timestamp":1744881511894,"whichDayInWeek":5,"whichWeekInMonth":3}
11:18:32.338  I  AIEngineUtils:saveAdvanceData, success true resultCode 0 type alg_predict_doc_list_record data {"Inhour1Array":[0,3,0,0,0,0,0,4,0,0,0,0,0,0,4,0,5,0,0,0,4,0,0,5,1,0,0],"Inhour3Array":[0,0,0,0,0,0,0,7,0,0,0,0,0,0,8,0,15,5,0,0,9,0,0,17,4,0,0],"TimedeltaArray":[37510,1057,37592,31712,82925,82854,3985,322,78093,7961,36873,83031,85530,6801,319,30171,315,7288,55940,83169,77,6080,36692,1671,2576,36180,82889],"length":27,"pkgNameArray":["com.spotify.music","com.vivaldi.browser","com.chrome.canary","com.google.android.googlequicksearchbox","hr.asseco.android.intesa.isbd.mbanking.alex","com.ucare.we","org.telegram.messenger","com.Slack","com.whatsapp","com.sh.smart.caller","ai.x.grok","com.fawry.myfawry","com.facebook.katana","com.google.chromeremotedesktop","com.github.android","com.google.android.apps.bard","com.android.chrome","com.truecaller","com.transsion.calculator","com.dexplorer","com.example.mediswitch","com.google.android.gm","com.anthropic.claude","com.transsion.filemanagerx","app.revanced.android.youtube","com.openai.chatgpt","com.egyptianbanks.instapay"],"predictArray":[0,0,0,0,0,0,0,0,0,0,0,0,0,0,0,0,0,0,0,0,0,0,0,0,0,0,0],"predictId":1447582237,"timestamp":1744881511894}
11:18:32.345  I  AppSorter:updateRecentAppList: {com.instagram.android=-972, com.vivaldi.browser=-995, com.transsion.camera=-983, com.google.android.googlequicksearchbox=-989, com.chrome.canary=-987, org.telegram.messenger=-994, com.Slack=-1000, com.whatsapp=-988, com.google.android.apps.docs.editors.docs=-978, com.sh.smart.caller=-984, com.fawry.myfawry=-976, com.nordpass.android.app.password.manager=-975, com.github.android=-999, com.android.chrome=-998, com.google.android.apps.photos=-981, com.example.mediswitch=-996, com.binance.dev=-993, com.gallery20=-982, com.google.android.gm=-991, com.anthropic.claude=-992, com.transsion.filemanagerx=-997, com.openai.chatgpt=-986, app.revanced.android.youtube=-985, com.google.android.apps.docs=-977, com.deepseek.chat=-990, com.google.android.apps.authenticator2=-973, co.grey.mobile.android=-979, com.mobisystems.office=-980, paymob.cib.smartwallet=-974}
11:18:32.346  I  AppPredictManager:broadcastPredict sortedList [org.telegram.messenger, com.vivaldi.browser, com.Slack, com.github.android, com.android.chrome, com.transsion.filemanagerx, app.revanced.android.youtube, com.chrome.canary, com.sh.smart.caller, com.openai.chatgpt, com.google.android.googlequicksearchbox, ai.x.grok, com.truecaller, com.google.android.gm, com.anthropic.claude, com.example.mediswitch, com.binance.dev, com.deepseek.chat, com.whatsapp, com.transsion.camera, com.gallery20, com.google.android.apps.photos, com.mobisystems.office, co.grey.mobile.android, com.google.android.apps.docs.editors.docs, com.google.android.apps.docs, com.fawry.myfawry, com.nordpass.android.app.password.manager, paymob.cib.smartwallet, com.google.android.apps.authenticator2, com.instagram.android, com.facebook.katana, com.google.android.apps.messaging, com.facebook.orca, com.google.android.apps.nbu.files, com.transsion.phonemaster, com.twitter.android, com.google.android.apps.maps, com.transsion.calculator, com.transsion.notebook, com.transsion.soundrecorder, com.transsnet.store, com.google.android.apps.tachyon, com.google.android.calendar, com.lenovo.anyshare.gps, com.snaptube.premium, com.transsion.carlcare, com.rlk.weathers, com.etisalat, com.trassion.infinix.xclub, com.google.android.videos, app.phantom, app.revanced.android.gms, art.widgeet.android, atws.app, bitcoin.minning.com, co.windyapp.android, com.Neptunq.FE3D, com.OProjects.FLS, com.RetrostyleGames.LastPirate.deadthieves, com.airdrop.airdropsniperio, com.alphainventor.filemanager, com.amansuperapp, com.amazon.mShop.android.shopping, com.amtv.apkmasr, com.app.speedwallet, com.axismarkets.thndr, com.belive.player, com.belive.plus, com.bitcoin.prominer.digital.service, com.bitget.exchange, com.bittycoon.gomining, com.blockchainvault, com.brave.browser, com.btc.digital.cloud.app, com.camerasideas.trimmer, com.careem.acma, com.cicapital.cicf.android.myapplication, com.cloud.remotely.miner.usdt.tether, com.cryptofarm, com.dexplorer, com.dimonbugor.databasereader, com.discord, com.drugscom.app, com.dwaprices.app, com.efgh.customer, com.egyptianbanks.instapay, com.eldokan.misrpharmacies, com.eltarshouby, com.evolveinvestmentholding.mngm, com.flataverse.map, com.fragileheart.mp3editor, com.gameya.elgameya, com.gamma.scan, com.geecoders.iamdeveloper, com.gemwallet.android, com.getmodsapk.sai, com.gk.speed.booster.tool, com.glgjing.marvel, com.gmgn.app, com.google.android.apps.adm, com.google.android.apps.bard, com.google.android.apps.docs.editors.sheets, com.google.android.apps.googleassistant, com.google.android.apps.playconsole, com.google.android.apps.safetyhub, com.google.android.apps.walletnfcrel, com.google.android.stardroid, com.google.chromeremotedesktop, com.google.earth, com.greenmushroom.boomblitz.gp, com.halanuser, com.huawei.appmarket, com.huawei.health, com.hubx.noteai, com.ibkr.gt.app, com.intsig.camscanner, com.jetappfactory.jetaudioplus, com.kashier.merchantapp, com.kubi.kucoin, com.lefan.signal, com.lonelycatgames.Xplore, com.maantheme.maan_ui, com.mashreq.dob, com.micromedex.coremobile, com.microsoft.office.excel, com.microsoft.office.word, com.ml.freedash, com.mobile.legends, com.moneyfellows.mobileapp, com.mxtech.videoplayer.pro, com.mysterytag.berryfactory, com.nawy.shares, com.ncwallet, com.neave.zoomearth, com.nicehash.metallum, com.noon.buyerapp, com.nsave.app, com.okinc.okex.gp, com.opera.browser, com.oproject.earthpi, com.paget96.batteryguru, com.paypal.android.p2pmobile, com.pet.life.daily.petlife, com.phycod.drugeye, com.picsart.studio, com.pip.coin.mining, com.player.amtv, com.playrix.homescapes, com.qexpress.tool, com.rabit.cloud_miner.rb, com.rayashop.store, com.redotpay, com.renacerdevteam.ccma, com.revanced.net.revancedmanager, com.roboxfit, com.roboxnet, com.roboxvpn, com.sandisk.mz, com.saudicalendars.calendar_app, com.simejikeyboard, com.spotify.music, com.taager.merchant, com.taiseer.taiseerGold, com.talabat, com.television.advance.clls, com.tomminosoftware.sqliteeditor, com.tortel.syslog, com.tradingview.tradingv
11:18:32.347  I  AppSorter:updateRecentAppList: {com.instagram.android=-972, com.vivaldi.browser=-995, com.transsion.camera=-983, com.google.android.googlequicksearchbox=-989, com.chrome.canary=-987, org.telegram.messenger=-994, com.Slack=-1000, com.whatsapp=-988, com.google.android.apps.docs.editors.docs=-978, com.sh.smart.caller=-984, com.fawry.myfawry=-976, com.nordpass.android.app.password.manager=-975, com.github.android=-999, com.android.chrome=-998, com.google.android.apps.photos=-981, com.example.mediswitch=-996, com.binance.dev=-993, com.gallery20=-982, com.google.android.gm=-991, com.anthropic.claude=-992, com.transsion.filemanagerx=-997, com.openai.chatgpt=-986, app.revanced.android.youtube=-985, com.google.android.apps.docs=-977, com.deepseek.chat=-990, com.google.android.apps.authenticator2=-973, co.grey.mobile.android=-979, com.mobisystems.office=-980, paymob.cib.smartwallet=-974}
11:18:32.378  I  AppSorter:updateRecentAppList: {com.instagram.android=-972, com.vivaldi.browser=-995, com.transsion.camera=-983, com.google.android.googlequicksearchbox=-989, com.chrome.canary=-987, org.telegram.messenger=-994, com.Slack=-1000, com.whatsapp=-988, com.google.android.apps.docs.editors.docs=-978, com.sh.smart.caller=-984, com.fawry.myfawry=-976, com.nordpass.android.app.password.manager=-975, com.github.android=-999, com.android.chrome=-998, com.google.android.apps.photos=-981, com.example.mediswitch=-996, com.binance.dev=-993, com.gallery20=-982, com.google.android.gm=-991, com.anthropic.claude=-992, com.transsion.filemanagerx=-997, com.openai.chatgpt=-986, app.revanced.android.youtube=-985, com.google.android.apps.docs=-977, com.deepseek.chat=-990, com.google.android.apps.authenticator2=-973, co.grey.mobile.android=-979, com.mobisystems.office=-980, paymob.cib.smartwallet=-974}
11:18:32.474  I  blurEffect = false  packageName = com.example.mediswitch
11:18:32.478  I  currentFullScreenTask------->  [id=12451 windowingMode=1 user=0 lastActiveTime=600304128] MediSwitch  pkName = com.example.mediswitch
11:18:32.498  V  checkEnterPipOnFinish for recent situation startPausing, ActivityRecord{1e2a961 u0 com.example.mediswitch/.MainActivity t12451}
11:18:32.499  I  amsBoostNotify pid:9305,activity:com.example.mediswitch.MainActivity, package:com.example.mediswitch, mProcessCreatePackcom.example.mediswitch 
11:18:32.501  I  [Legacy][PowerHal_Wrap_notifyAppState] com.example.mediswitch/com.example.mediswitch.MainActivity pid=9305 state:0
11:18:32.501  I  [perfNotifyAppState] pack:com.example.mediswitch, act:com.example.mediswitch.MainActivity, state:0, pid:9305, uid:10508, fps:60
11:18:32.501  I  CommonAppsManager_RecentMinuteRecommend:addAppList: com.transsion.filemanagerx,com.Slack,com.vivaldi.browser,com.android.chrome,com.example.mediswitch,com.github.android,app.revanced.android.youtube
11:18:32.501  I  CommonAppsManager_RecentHourRecommend:addAppList: com.android.chrome,com.transsion.filemanagerx,app.revanced.android.youtube,com.Slack,com.github.android,com.example.mediswitch,com.vivaldi.browser,com.truecaller,com.google.android.gm,com.sh.smart.caller,com.transsion.deskclock,com.google.android.googlequicksearchbox,com.openai.chatgpt,ai.x.grok,com.anthropic.claude,com.chrome.canary
11:18:32.505  I    isAnimating=false  okToAnimate=true  win=Window{a63d178 u0 com.example.mediswitch/com.example.mediswitch.MainActivity}
11:18:32.577  I  [68cb562 ActivityRecordInputSink com.example.mediswitch/.MainActivity#91903](this:0xb400007877803f40,id:-1,api:0,p:-1,c:1356) onDestructor()
11:18:32.585  I  amsBoostNotify pid:9305,activity:com.example.mediswitch.MainActivity, package:com.example.mediswitch, mProcessCreatePackcom.example.mediswitch 
11:18:32.586  I  [Legacy][PowerHal_Wrap_notifyAppState] com.example.mediswitch/com.example.mediswitch.MainActivity pid=9305 state:0
11:18:32.586  I  [perfNotifyAppState] pack:com.example.mediswitch, act:com.example.mediswitch.MainActivity, state:0, pid:9305, uid:10508, fps:60
11:18:32.589  D  dispatchEvent event: SmartEvent(action=activity_stop, topClassName=com.example.mediswitch.MainActivity, topPackageName=com.example.mediswitch, extras=null)
11:18:32.590  I  ASP pkgName: com.example.mediswitch  className = com.example.mediswitch.MainActivity
11:18:32.607  I  onActivityEvent get com.example.mediswitch, com.example.mediswitch.MainActivity,false
11:18:32.612  I  SystemEventSubscribe: onPublishData {"type":"activity_event","time":1744881512608,"data":"{\"className\":\"com.example.mediswitch.MainActivity\",\"isResumed\":false,\"packageName\":\"com.example.mediswitch\"}","provider":"dc","dc_version":2030300000,"data_version":1,"user_id":0}
11:18:32.641  I  ASP pkgName: com.example.mediswitch  className = com.example.mediswitch.MainActivity
11:18:32.647  I  ASP pkgName: com.example.mediswitch  className = com.example.mediswitch.MainActivity
11:18:32.757  D  [SurfaceView[com.example.mediswitch/com.example.mediswitch.MainActivity]#1](f:0,a:4) destructor()
11:18:32.758  D  [SurfaceView[com.example.mediswitch/com.example.mediswitch.MainActivity]#1(BLAST Consumer)1](id:245900000001,api:0,p:-1,c:9305) disconnect
11:18:32.796  W  ApkAssets: Deleting an ApkAssets object '<empty> and /data/app/~~ZuALmfVQ7AowzoCoLg8tGQ==/com.example.mediswitch-YTL70uLV4WqYlYBSS9jUHA==/base.apk' with 1 weak references
11:18:32.846  I  [SurfaceView[com.example.mediswitch/com.example.mediswitch.MainActivity]#91913](this:0xb40000787776fe00,id:-1,api:0,p:-1,c:1356) onDestructor()
11:18:32.846  I  [SurfaceView[com.example.mediswitch/com.example.mediswitch.MainActivity](BLAST)#91914](this:0xb400007877775920,id:-1,api:0,p:-1,c:1356) onDestructor()
11:18:32.847  I  [Background for SurfaceView[com.example.mediswitch/com.example.mediswitch.MainActivity]#91915](this:0xb4000078777c54e0,id:-1,api:0,p:-1,c:1356) onDestructor()
11:18:32.902  I  onAppStartEvent get com.example.mediswitch,start false
11:18:32.929  I  [com.example.mediswitch/com.example.mediswitch.MainActivity#91909](this:0xb400007877580620,id:-1,api:0,p:-1,c:1356) onDestructor()
11:18:32.929  I  [Bounds for - com.example.mediswitch/com.example.mediswitch.MainActivity#91912](this:0xb400007877817e30,id:-1,api:0,p:-1,c:1356) onDestructor()
11:18:33.029  I  [Surface(name=675005 com.example.mediswitch/com.example.mediswitch.MainActivity)/@0xb9ef149 - animation-leash of starting_reveal#91639](this:0xb400007877711e70,id:-1,api:0,p:-1,c:1356) onDestructor()
11:18:33.035  W  ApkAssets: Deleting an ApkAssets object '<empty> and /data/app/~~ZuALmfVQ7AowzoCoLg8tGQ==/com.example.mediswitch-YTL70uLV4WqYlYBSS9jUHA==/base.apk' with 1 weak references
11:18:33.918  E  this is Task{48c15e6 #12451 type=standard I=com.example.mediswitch/.MainActivity} isVisibleRequested false
11:18:33.919  I  removeTask: uid=10508, packageName=com.example.mediswitch, reason=remove-task: due to 2611, cleanType:SwipeUpClean.
11:18:33.919  I  amsBoostNotify pid:9305,activity:com.example.mediswitch.MainActivity, package:com.example.mediswitch, mProcessCreatePackcom.example.mediswitch 
11:18:33.919  I  [Legacy][PowerHal_Wrap_notifyAppState] com.example.mediswitch/com.example.mediswitch.MainActivity pid=9305 state:0
11:18:33.920  I  [perfNotifyAppState] pack:com.example.mediswitch, act:com.example.mediswitch.MainActivity, state:0, pid:9305, uid:10508, fps:60
11:18:33.920  D  mToDestroying.remove:ActivityRecord{2707bce token=android.os.BinderProxy@f5e281b {com.example.mediswitch/com.example.mediswitch.MainActivity}}
11:18:33.926  I  Killing 9305:com.example.mediswitch/u0a508 (adj 700): remove task: due to 2611, cleanType:SwipeUpClean
11:18:33.926  D  track died app= ProcessRecord{c903c3a 9305:com.example.mediswitch/u0a508} reason= 10 subReason= 22 msg= remove task: due to 2611, cleanType:SwipeUpClean
11:18:33.929  D  dispatchEvent event: SmartEvent(action=process_kill, topClassName=, topPackageName=, extras=Bundle[{packages=[com.example.mediswitch]}])
11:18:33.932  D  packages = [com.example.mediswitch]
11:18:33.932  D  packages = [com.example.mediswitch]
11:18:33.932  D  packages = [com.example.mediswitch]
11:18:34.000  I  [Legacy][PowerHal_Wrap_notifyAppState] com.example.mediswitch/com.example.mediswitch pid=13058 state:3
11:18:34.001  I  [perfNotifyAppState] pack:com.example.mediswitch, act:com.example.mediswitch, state:3, pid:13058, uid:99915, fps:60
11:18:34.001  I  [perfNotifyAppState] pack:com.example.mediswitch, pid:13058, STATE_DEAD
11:18:34.107  D  make process inactive com.example.mediswitch(9305)
11:18:34.107  I  WIN DEATH: Window{a63d178 u0 com.example.mediswitch/com.example.mediswitch.MainActivity}
11:18:34.107  D  releasing NetworkRequest [ REQUEST id=44432, [ Capabilities: INTERNET&NOT_RESTRICTED&TRUSTED&NOT_VCN_MANAGED Uid: 10508 RequestorUid: 10508 RequestorPkg: com.example.mediswitch UnderlyingNetworks: Null] ] (release request)
11:18:34.107  W  Input channel object 'a63d178 com.example.mediswitch/com.example.mediswitch.MainActivity (client)' was disposed without first being removed with the input manager!
11:18:34.108  D  [SF client] REMOVE (0xb400007777594140) for (9305:com.example.mediswitch)
11:18:34.108  D  [SF client] REMOVE (0xb400007777594d10) for (9305:com.example.mediswitch)
11:18:34.108  D  releasing NetworkRequest [ REQUEST id=44434, [ Capabilities: INTERNET&NOT_RESTRICTED&TRUSTED&NOT_VCN_MANAGED Uid: 10508 RequestorUid: 10508 RequestorPkg: com.example.mediswitch UnderlyingNetworks: Null] ] (release request)
11:18:34.109  D  setParent old=ActivityRecord{1e2a961 u0 com.example.mediswitch/.MainActivity t12451 f}},new=null,this window=Window{a63d178 u0 com.example.mediswitch/com.example.mediswitch.MainActivity},callers=com.android.server.wm.WindowContainer.removeChild:822 com.android.server.wm.ActivityRecord.removeChild:4931 com.android.server.wm.ActivityRecord.removeChild:477 com.android.server.wm.WindowContainer.removeImmediately:892 com.android.server.wm.WindowState.removeImmediately:2574 com.android.server.wm.WindowState.removeIfPossible:2755 
11:18:34.109  D  releasing NetworkRequest [ REQUEST id=44443, [ Capabilities: INTERNET&NOT_RESTRICTED&TRUSTED&NOT_VCN_MANAGED Uid: 10508 RequestorUid: 10508 RequestorPkg: com.example.mediswitch UnderlyingNetworks: Null] ] (release request)
11:18:34.109  D  postWindowRemoveCleanupLocked: token:ActivityRecord{1e2a961 u0 com.example.mediswitch/.MainActivity t12451 f}} win:Window{a63d178 u0 com.example.mediswitch/com.example.mediswitch.MainActivity} token.isEmpty:true token.mPersistOnEmpty:true
11:18:34.109  D  releasing NetworkRequest [ REQUEST id=44441, [ Capabilities: INTERNET&NOT_RESTRICTED&TRUSTED&NOT_VCN_MANAGED Uid: 10508 RequestorUid: 10508 RequestorPkg: com.example.mediswitch UnderlyingNetworks: Null] ] (release request)
11:18:34.115  I  [Legacy][PowerHal_Wrap_notifyAppState] com.example.mediswitch/com.example.mediswitch pid=9305 state:3
11:18:34.116  I  [perfNotifyAppState] pack:com.example.mediswitch, act:com.example.mediswitch, state:3, pid:9305, uid:10508, fps:60
11:18:34.116  I  [perfNotifyAppState] pack:com.example.mediswitch, pid:9305, STATE_DEAD
11:18:34.117  E  this is Task{48c15e6 #12451 type=standard I=com.example.mediswitch/.MainActivity} isVisibleRequested false
11:18:34.118  D  setParent old=Task{48c15e6 #12451 type=standard I=com.example.mediswitch/.MainActivity},new=null,this window=ActivityRecord{1e2a961 u0 com.example.mediswitch/.MainActivity t12451 f}},callers=com.android.server.wm.WindowContainer.removeChild:822 com.android.server.wm.TaskFragment.removeChild:2982 com.android.server.wm.Task.removeChild:1618 com.android.server.wm.Task.removeChild:1601 com.android.server.wm.WindowContainer.removeImmediately:892 com.android.server.wm.WindowToken.removeImmediately:365 
11:18:34.122  D  setParent old=DefaultTaskDisplayArea@31879162,new=null,this window=Task{48c15e6 #12451 type=standard I=com.example.mediswitch/.MainActivity},callers=com.android.server.wm.WindowContainer.removeChild:822 com.android.server.wm.TaskDisplayArea.removeChildTask:385 com.android.server.wm.TaskDisplayArea.removeChild:376 com.android.server.wm.WindowContainer.removeImmediately:892 com.android.server.wm.TaskFragment.removeImmediately:3066 com.android.server.wm.Task.removeImmediately:2751 
11:18:34.126  W  Unexpected activity event reported! (com.example.mediswitch/com.example.mediswitch.MainActivity event : 23 instanceId : 112741488)
11:18:34.137  I  [a63d178 com.example.mediswitch/com.example.mediswitch.MainActivity#91908](this:0xb4000078777b15f0,id:-1,api:0,p:-1,c:1356) onDestructor()
11:18:34.153  I  [ActivityRecord{1e2a961 u0 com.example.mediswitch/.MainActivity t12451}#91891](this:0xb400007877742500,id:-1,api:0,p:-1,c:1356) onDestructor()
11:18:36.137  D  TaskProcess diedRecentApp info=ApplicationExitInfo(timestamp=4/17/25, 11:18 AM pid=9305 realUid=10508 packageUid=10508 definingUid=10508 user=0 process=com.example.mediswitch reason=10 (USER REQUESTED) subreason=22 (REMOVE TASK) status=0 recentTaskInfo=0 adj=700 procState=CRE  swapPss=278KB importance=400 pss=476MB rss=638MB description=remove task: due to 2611, cleanType:SwipeUpClean state=empty trace=null
